Component: ARM Compiler 5.06 update 5 (build 528) Tool: armlink [4d35e2]

==============================================================================

Section Cross References

    stm32f10x_adc.o(i.ADC_DeInit) refers to stm32f10x_rcc.o(i.RCC_APB2PeriphResetCmd) for RCC_APB2PeriphResetCmd
    stm32f10x_bkp.o(i.BKP_DeInit) refers to stm32f10x_rcc.o(i.RCC_BackupResetCmd) for RCC_BackupResetCmd
    stm32f10x_can.o(i.CAN_DeInit) refers to stm32f10x_rcc.o(i.RCC_APB1PeriphResetCmd) for RCC_APB1PeriphResetCmd
    stm32f10x_can.o(i.CAN_GetITStatus) refers to stm32f10x_can.o(i.CheckITStatus) for CheckITStatus
    stm32f10x_cec.o(i.CEC_DeInit) refers to stm32f10x_rcc.o(i.RCC_APB1PeriphResetCmd) for RCC_APB1PeriphResetCmd
    stm32f10x_dac.o(i.DAC_DeInit) refers to stm32f10x_rcc.o(i.RCC_APB1PeriphResetCmd) for RCC_APB1PeriphResetCmd
    stm32f10x_flash.o(i.FLASH_EnableWriteProtection) refers to stm32f10x_flash.o(i.FLASH_WaitForLastOperation) for FLASH_WaitForLastOperation
    stm32f10x_flash.o(i.FLASH_EraseAllBank1Pages) refers to stm32f10x_flash.o(i.FLASH_WaitForLastBank1Operation) for FLASH_WaitForLastBank1Operation
    stm32f10x_flash.o(i.FLASH_EraseAllPages) refers to stm32f10x_flash.o(i.FLASH_WaitForLastOperation) for FLASH_WaitForLastOperation
    stm32f10x_flash.o(i.FLASH_EraseOptionBytes) refers to stm32f10x_flash.o(i.FLASH_GetReadOutProtectionStatus) for FLASH_GetReadOutProtectionStatus
    stm32f10x_flash.o(i.FLASH_EraseOptionBytes) refers to stm32f10x_flash.o(i.FLASH_WaitForLastOperation) for FLASH_WaitForLastOperation
    stm32f10x_flash.o(i.FLASH_ErasePage) refers to stm32f10x_flash.o(i.FLASH_WaitForLastOperation) for FLASH_WaitForLastOperation
    stm32f10x_flash.o(i.FLASH_ProgramHalfWord) refers to stm32f10x_flash.o(i.FLASH_WaitForLastOperation) for FLASH_WaitForLastOperation
    stm32f10x_flash.o(i.FLASH_ProgramOptionByteData) refers to stm32f10x_flash.o(i.FLASH_WaitForLastOperation) for FLASH_WaitForLastOperation
    stm32f10x_flash.o(i.FLASH_ProgramWord) refers to stm32f10x_flash.o(i.FLASH_WaitForLastOperation) for FLASH_WaitForLastOperation
    stm32f10x_flash.o(i.FLASH_ReadOutProtection) refers to stm32f10x_flash.o(i.FLASH_WaitForLastOperation) for FLASH_WaitForLastOperation
    stm32f10x_flash.o(i.FLASH_UserOptionByteConfig) refers to stm32f10x_flash.o(i.FLASH_WaitForLastOperation) for FLASH_WaitForLastOperation
    stm32f10x_flash.o(i.FLASH_WaitForLastBank1Operation) refers to stm32f10x_flash.o(i.FLASH_GetBank1Status) for FLASH_GetBank1Status
    stm32f10x_flash.o(i.FLASH_WaitForLastOperation) refers to stm32f10x_flash.o(i.FLASH_GetBank1Status) for FLASH_GetBank1Status
    stm32f10x_gpio.o(i.GPIO_AFIODeInit) refers to stm32f10x_rcc.o(i.RCC_APB2PeriphResetCmd) for RCC_APB2PeriphResetCmd
    stm32f10x_gpio.o(i.GPIO_DeInit) refers to stm32f10x_rcc.o(i.RCC_APB2PeriphResetCmd) for RCC_APB2PeriphResetCmd
    stm32f10x_i2c.o(i.I2C_DeInit) refers to stm32f10x_rcc.o(i.RCC_APB1PeriphResetCmd) for RCC_APB1PeriphResetCmd
    stm32f10x_i2c.o(i.I2C_Init) refers to stm32f10x_rcc.o(i.RCC_GetClocksFreq) for RCC_GetClocksFreq
    stm32f10x_pwr.o(i.PWR_DeInit) refers to stm32f10x_rcc.o(i.RCC_APB1PeriphResetCmd) for RCC_APB1PeriphResetCmd
    stm32f10x_rcc.o(i.RCC_GetClocksFreq) refers to stm32f10x_rcc.o(.data) for APBAHBPrescTable
    stm32f10x_rcc.o(i.RCC_WaitForHSEStartUp) refers to stm32f10x_rcc.o(i.RCC_GetFlagStatus) for RCC_GetFlagStatus
    stm32f10x_rtc.o(i.RTC_SetAlarm) refers to stm32f10x_rtc.o(i.RTC_EnterConfigMode) for RTC_EnterConfigMode
    stm32f10x_rtc.o(i.RTC_SetAlarm) refers to stm32f10x_rtc.o(i.RTC_ExitConfigMode) for RTC_ExitConfigMode
    stm32f10x_rtc.o(i.RTC_SetCounter) refers to stm32f10x_rtc.o(i.RTC_EnterConfigMode) for RTC_EnterConfigMode
    stm32f10x_rtc.o(i.RTC_SetCounter) refers to stm32f10x_rtc.o(i.RTC_ExitConfigMode) for RTC_ExitConfigMode
    stm32f10x_rtc.o(i.RTC_SetPrescaler) refers to stm32f10x_rtc.o(i.RTC_EnterConfigMode) for RTC_EnterConfigMode
    stm32f10x_rtc.o(i.RTC_SetPrescaler) refers to stm32f10x_rtc.o(i.RTC_ExitConfigMode) for RTC_ExitConfigMode
    stm32f10x_spi.o(i.I2S_Init) refers to stm32f10x_rcc.o(i.RCC_GetClocksFreq) for RCC_GetClocksFreq
    stm32f10x_spi.o(i.SPI_I2S_DeInit) refers to stm32f10x_rcc.o(i.RCC_APB2PeriphResetCmd) for RCC_APB2PeriphResetCmd
    stm32f10x_spi.o(i.SPI_I2S_DeInit) refers to stm32f10x_rcc.o(i.RCC_APB1PeriphResetCmd) for RCC_APB1PeriphResetCmd
    stm32f10x_tim.o(i.TIM_DeInit) refers to stm32f10x_rcc.o(i.RCC_APB2PeriphResetCmd) for RCC_APB2PeriphResetCmd
    stm32f10x_tim.o(i.TIM_DeInit) refers to stm32f10x_rcc.o(i.RCC_APB1PeriphResetCmd) for RCC_APB1PeriphResetCmd
    stm32f10x_tim.o(i.TIM_ETRClockMode1Config) refers to stm32f10x_tim.o(i.TIM_ETRConfig) for TIM_ETRConfig
    stm32f10x_tim.o(i.TIM_ETRClockMode2Config) refers to stm32f10x_tim.o(i.TIM_ETRConfig) for TIM_ETRConfig
    stm32f10x_tim.o(i.TIM_ICInit) refers to stm32f10x_tim.o(i.TI1_Config) for TI1_Config
[...]
    gizProtocolModuleInfoHandle              0x08004919   Thumb Code    68  gizwits_protocol.o(i.gizProtocolModuleInfoHandle)
    i.gizProtocolModuleStatus                0x08004974   Section        0  gizwits_protocol.o(i.gizProtocolModuleStatus)
    gizProtocolModuleStatus                  0x08004975   Thumb Code   816  gizwits_protocol.o(i.gizProtocolModuleStatus)
    i.gizProtocolNTP                         0x08004e78   Section        0  gizwits_protocol.o(i.gizProtocolNTP)
    gizProtocolNTP                           0x08004e79   Thumb Code   110  gizwits_protocol.o(i.gizProtocolNTP)
    i.gizProtocolReboot                      0x08004f04   Section        0  gizwits_protocol.o(i.gizProtocolReboot)
    gizProtocolReboot                        0x08004f05   Thumb Code    28  gizwits_protocol.o(i.gizProtocolReboot)
    i.gizProtocolResendData                  0x08004f20   Section        0  gizwits_protocol.o(i.gizProtocolResendData)
    gizProtocolResendData                    0x08004f21   Thumb Code    64  gizwits_protocol.o(i.gizProtocolResendData)
    i.gizProtocolSum                         0x08004f9c   Section        0  common.o(i.gizProtocolSum)
    i.gizProtocolWaitAck                     0x08004fc4   Section        0  gizwits_protocol.o(i.gizProtocolWaitAck)
    gizProtocolWaitAck                       0x08004fc5   Thumb Code    70  gizwits_protocol.o(i.gizProtocolWaitAck)
    i.gizProtocolWaitAckCheck                0x08005028   Section        0  gizwits_protocol.o(i.gizProtocolWaitAckCheck)
    gizProtocolWaitAckCheck                  0x08005029   Thumb Code    44  gizwits_protocol.o(i.gizProtocolWaitAckCheck)
    i.gizPutData                             0x08005070   Section        0  gizwits_protocol.o(i.gizPutData)
    i.gizReportData                          0x080050e4   Section        0  gizwits_protocol.o(i.gizReportData)
    gizReportData                            0x080050e5   Thumb Code   170  gizwits_protocol.o(i.gizReportData)
    i.gizTimerMs                             0x080051d8   Section        0  gizwits_product.o(i.gizTimerMs)
    i.gizVarlenCompressValue                 0x080051e8   Section        0  datapointtools.o(i.gizVarlenCompressValue)
    i.gizVarlenDecompressionValue            0x08005264   Section        0  datapointtools.o(i.gizVarlenDecompressionValue)
    i.gizY2X                                 0x08005328   Section        0  datapointtools.o(i.gizY2X)
    i.gizwitsEventProcess                    0x08005338   Section        0  gizwits_product.o(i.gizwitsEventProcess)
    i.gizwitsHandle                          0x080055d0   Section        0  gizwits_protocol.o(i.gizwitsHandle)
    i.gizwitsInit                            0x080058f0   Section        0  gizwits_protocol.o(i.gizwitsInit)
    i.gizwitsSetMode                         0x08005954   Section        0  gizwits_protocol.o(i.gizwitsSetMode)
    i.is_page_valid                          0x08005bc4   Section        0  flashstorage.o(i.is_page_valid)
    is_page_valid                            0x08005bc5   Thumb Code    22  flashstorage.o(i.is_page_valid)
    i.main                                   0x08005bdc   Section        0  main.o(i.main)
    i.malloc                                 0x08005c48   Section        0  malloc.o(i.malloc)
    i.mcuRestart                             0x08005cb4   Section        0  gizwits_product.o(i.mcuRestart)
    i.prvAddCurrentTaskToDelayedList         0x08005ce4   Section        0  tasks.o(i.prvAddCurrentTaskToDelayedList)
    prvAddCurrentTaskToDelayedList           0x08005ce5   Thumb Code   164  tasks.o(i.prvAddCurrentTaskToDelayedList)
    i.prvAddNewTaskToReadyList               0x08005da4   Section        0  tasks.o(i.prvAddNewTaskToReadyList)
    prvAddNewTaskToReadyList                 0x08005da5   Thumb Code   200  tasks.o(i.prvAddNewTaskToReadyList)
    i.prvCheckTasksWaitingTermination        0x08005e88   Section        0  tasks.o(i.prvCheckTasksWaitingTermination)
    prvCheckTasksWaitingTermination          0x08005e89   Thumb Code    60  tasks.o(i.prvCheckTasksWaitingTermination)
    i.prvDeleteTCB                           0x08005ed0   Section        0  tasks.o(i.prvDeleteTCB)
    prvDeleteTCB                             0x08005ed1   Thumb Code    18  tasks.o(i.prvDeleteTCB)
    i.prvHeapInit                            0x08005ee4   Section        0  heap_4.o(i.prvHeapInit)
    prvHeapInit                              0x08005ee5   Thumb Code    90  heap_4.o(i.prvHeapInit)
    i.prvIdleTask                            0x08005f54   Section        0  tasks.o(i.prvIdleTask)
    prvIdleTask                              0x08005f55   Thumb Code    32  tasks.o(i.prvIdleTask)
    i.prvInitialiseNewTask                   0x08005f7c   Section        0  tasks.o(i.prvInitialiseNewTask)
    prvInitialiseNewTask                     0x08005f7d   Thumb Code   122  tasks.o(i.prvInitialiseNewTask)
    i.prvInitialiseTaskLists                 0x08005ff8   Section        0  tasks.o(i.prvInitialiseTaskLists)
    prvInitialiseTaskLists                   0x08005ff9   Thumb Code    70  tasks.o(i.prvInitialiseTaskLists)
    i.prvInsertBlockIntoFreeList             0x08006060   Section        0  heap_4.o(i.prvInsertBlockIntoFreeList)
    prvInsertBlockIntoFreeList               0x08006061   Thumb Code    96  heap_4.o(i.prvInsertBlockIntoFreeList)
    i.prvResetNextTaskUnblockTime            0x080060c8   Section        0  tasks.o(i.prvResetNextTaskUnblockTime)
    prvResetNextTaskUnblockTime              0x080060c9   Thumb Code    40  tasks.o(i.prvResetNextTaskUnblockTime)
    i.prvTaskExitError                       0x080060f8   Section        0  port.o(i.prvTaskExitError)
    prvTaskExitError                         0x080060f9   Thumb Code    22  port.o(i.prvTaskExitError)
    i.pvPortMalloc                           0x08006110   Section        0  heap_4.o(i.pvPortMalloc)
    i.pxPortInitialiseStack                  0x080061f4   Section        0  port.o(i.pxPortInitialiseStack)
    i.rbCanRead                              0x08006218   Section        0  ringbuffer.o(i.rbCanRead)
    i.rbCanWrite                             0x08006250   Section        0  ringbuffer.o(i.rbCanWrite)
    i.rbCapacity                             0x0800626e   Section        0  ringbuffer.o(i.rbCapacity)
    i.rbCreate                               0x0800627c   Section        0  ringbuffer.o(i.rbCreate)
    i.rbRead                                 0x08006292   Section        0  ringbuffer.o(i.rbRead)
    i.rbWrite                                0x08006334   Section        0  ringbuffer.o(i.rbWrite)
    i.uartWrite                              0x080063d0   Section        0  gizwits_product.o(i.uartWrite)
    i.userHandle                             0x08006428   Section        0  gizwits_product.o(i.userHandle)
    i.userInit                               0x08006468   Section        0  gizwits_product.o(i.userInit)
    i.uxListRemove                           0x0800649c   Section        0  list.o(i.uxListRemove)
    i.vListInitialise                        0x080064c4   Section        0  list.o(i.vListInitialise)
    i.vListInitialiseItem                    0x080064de   Section        0  list.o(i.vListInitialiseItem)
    i.vListInsert                            0x080064e4   Section        0  list.o(i.vListInsert)
    i.vPortEnterCritical                     0x08006518   Section        0  port.o(i.vPortEnterCritical)
    i.vPortExitCritical                      0x0800653c   Section        0  port.o(i.vPortExitCritical)
    i.vPortFree                              0x0800655c   Section        0  heap_4.o(i.vPortFree)
    i.vPortSetupTimerInterrupt               0x080065a8   Section        0  port.o(i.vPortSetupTimerInterrupt)
    i.vTaskDelay                             0x080065c0   Section        0  tasks.o(i.vTaskDelay)
    i.vTaskStartScheduler                    0x080065f4   Section        0  tasks.o(i.vTaskStartScheduler)
    i.vTaskSuspendAll                        0x08006660   Section        0  tasks.o(i.vTaskSuspendAll)
    i.vTaskSwitchContext                     0x08006670   Section        0  tasks.o(i.vTaskSwitchContext)
    i.write_data_to_page                     0x080066d0   Section        0  flashstorage.o(i.write_data_to_page)
    write_data_to_page                       0x080066d1   Thumb Code   110  flashstorage.o(i.write_data_to_page)
    i.xPortStartScheduler                    0x08006740   Section        0  port.o(i.xPortStartScheduler)
    i.xPortSysTickHandler                    0x08006774   Section        0  port.o(i.xPortSysTickHandler)
    i.xTaskCreate                            0x080067a8   Section        0  tasks.o(i.xTaskCreate)
    i.xTaskGetSchedulerState                 0x08006810   Section        0  tasks.o(i.xTaskGetSchedulerState)
    i.xTaskIncrementTick                     0x08006830   Section        0  tasks.o(i.xTaskIncrementTick)
    i.xTaskResumeAll                         0x080069c0   Section        0  tasks.o(i.xTaskResumeAll)
    .constdata                               0x08006b1c   Section       12  key.o(.constdata)
    key_pins                                 0x08006b1c   Data           8  key.o(.constdata)
    key_num_map                              0x08006b24   Data           4  key.o(.constdata)
    .constdata                               0x08006b28   Section     7280  oled.o(.constdata)
    .constdata                               0x08008798   Section       12  display.o(.constdata)
    .conststring                             0x080087a4   Section       90  display.o(.conststring)
    .data                                    0x20000000   Section       20  stm32f10x_rcc.o(.data)
    APBAHBPrescTable                         0x20000000   Data          16  stm32f10x_rcc.o(.data)
    ADCPrescTable                            0x20000010   Data           4  stm32f10x_rcc.o(.data)
    .data                                    0x20000014   Section       10  adc.o(.data)
    .data                                    0x20000020   Section       48  key.o(.data)
    keys                                     0x20000020   Data          48  key.o(.data)
    .data                                    0x20000050   Section       25  display.o(.data)
    th_names                                 0x20000050   Data          24  display.o(.data)
    last_index                               0x20000068   Data           1  display.o(.data)
    .data                                    0x2000006c   Section       52  threshold_config.o(.data)
    currentThreshold                         0x2000006c   Data           1  threshold_config.o(.data)
    threshold_configs                        0x20000070   Data          48  threshold_config.o(.data)
    .data                                    0x200000a0   Section       66  main_freertos.o(.data)
    backup_Low_Level                         0x200000d5   Data           1  main_freertos.o(.data)
    backup_High_Level                        0x200000d6   Data           1  main_freertos.o(.data)
    backup_Low_Temp                          0x200000d7   Data           1  main_freertos.o(.data)
    backup_High_Temp                         0x200000d8   Data           1  main_freertos.o(.data)
    backup_Threshold_Light                   0x200000d9   Data           1  main_freertos.o(.data)
    backup_Threshold_TS                      0x200000da   Data           1  main_freertos.o(.data)
    lastMenuState                            0x200000e0   Data           1  main_freertos.o(.data)
    lastMode                                 0x200000e1   Data           1  main_freertos.o(.data)
    .data                                    0x200000e4   Section        4  gizwits_product.o(.data)
    timerMsCount                             0x200000e4   Data           4  gizwits_product.o(.data)
    .data                                    0x200000e8   Section       16  gizwits_protocol.o(.data)
    lastReportTime                           0x200000e8   Data           4  gizwits_protocol.o(.data)
    lastRepTime                              0x200000ec   Data           4  gizwits_protocol.o(.data)
    protocolFlag                             0x200000f0   Data           1  gizwits_protocol.o(.data)
    protocolCount                            0x200000f2   Data           2  gizwits_protocol.o(.data)
    lastData                                 0x200000f4   Data           1  gizwits_protocol.o(.data)
    debugCount                               0x200000f5   Data           1  gizwits_protocol.o(.data)
    lastStatus                               0x200000f6   Data           2  gizwits_protocol.o(.data)
    .data                                    0x200000f8   Section       64  tasks.o(.data)
    pxDelayedTaskList                        0x200000fc   Data           4  tasks.o(.data)
    pxOverflowDelayedTaskList                0x20000100   Data           4  tasks.o(.data)
    uxDeletedTasksWaitingCleanUp             0x20000104   Data           4  tasks.o(.data)
    uxCurrentNumberOfTasks                   0x20000108   Data           4  tasks.o(.data)
    xTickCount                               0x2000010c   Data           4  tasks.o(.data)
    uxTopReadyPriority                       0x20000110   Data           4  tasks.o(.data)
    xSchedulerRunning                        0x20000114   Data           4  tasks.o(.data)
    xPendedTicks                             0x20000118   Data           4  tasks.o(.data)
    xYieldPending                            0x2000011c   Data           4  tasks.o(.data)
    xNumOfOverflows                          0x20000120   Data           4  tasks.o(.data)
    uxTaskNumber                             0x20000124   Data           4  tasks.o(.data)
    xNextTaskUnblockTime                     0x20000128   Data           4  tasks.o(.data)
    xIdleTaskHandle                          0x2000012c   Data           4  tasks.o(.data)
    uxSchedulerSuspended                     0x20000134   Data           4  tasks.o(.data)
    .data                                    0x20000138   Section       28  heap_4.o(.data)
    xStart                                   0x20000138   Data           8  heap_4.o(.data)
    pxEnd                                    0x20000140   Data           4  heap_4.o(.data)
    xFreeBytesRemaining                      0x20000144   Data           4  heap_4.o(.data)
    xMinimumEverFreeBytesRemaining           0x20000148   Data           4  heap_4.o(.data)
    xNumberOfSuccessfulAllocations           0x2000014c   Data           4  heap_4.o(.data)
    xNumberOfSuccessfulFrees                 0x20000150   Data           4  heap_4.o(.data)
    .data                                    0x20000154   Section        4  port.o(.data)
    uxCriticalNesting                        0x20000154   Data           4  port.o(.data)
    .data                                    0x20000158   Section        4  stdout.o(.data)
    .data                                    0x2000015c   Section        4  mvars.o(.data)
    .data                                    0x20000160   Section        4  mvars.o(.data)
    .bss                                     0x20000164   Section       21  gizwits_product.o(.bss)
    .bss                                     0x2000017c   Section      554  gizwits_protocol.o(.bss)
    rbBuf                                    0x20000334   Data         114  gizwits_protocol.o(.bss)
    .bss                                     0x200003a8   Section      200  tasks.o(.bss)
    pxReadyTasksLists                        0x200003a8   Data         100  tasks.o(.bss)
    xDelayedTaskList1                        0x2000040c   Data          20  tasks.o(.bss)
    xDelayedTaskList2                        0x20000420   Data          20  tasks.o(.bss)
    xPendingReadyList                        0x20000434   Data          20  tasks.o(.bss)
    xTasksWaitingTermination                 0x20000448   Data          20  tasks.o(.bss)
    xSuspendedTaskList                       0x2000045c   Data          20  tasks.o(.bss)
    .bss                                     0x20000470   Section    17408  heap_4.o(.bss)
    ucHeap                                   0x20000470   Data       17408  heap_4.o(.bss)
    HEAP                                     0x20004870   Section      512  startup_stm32f10x_md.o(HEAP)
    STACK                                    0x20004a70   Section     1024  startup_stm32f10x_md.o(STACK)

    Global Symbols

    Symbol Name                              Value     Ov Type        Size  Object(Section)

    BuildAttributes$$THM_ISAv4$P$D$K$B$S$PE$A:L22UL41UL21$X:L11$S22US41US21$IEEE1$IW$USESV6$~STKCKD$USESV7$~SHL$OTIME$ROPI$EBA8$MICROLIB$REQ8$PRES8$EABIv2 0x00000000   Number         0  anon$$obj.o ABSOLUTE
    __ARM_use_no_argv                        0x00000000   Number         0  main.o ABSOLUTE
    _printf_a                                0x00000000   Number         0  stubs.o ABSOLUTE
    _printf_c                                0x00000000   Number         0  stubs.o ABSOLUTE
    _printf_charcount                        0x00000000   Number         0  stubs.o ABSOLUTE
    _printf_d                                0x00000000   Number         0  stubs.o ABSOLUTE
    _printf_e                                0x00000000   Number         0  stubs.o ABSOLUTE
    _printf_f                                0x00000000   Number         0  stubs.o ABSOLUTE
    _printf_flags                            0x00000000   Number         0  stubs.o ABSOLUTE
    _printf_fp_dec                           0x00000000   Number         0  stubs.o ABSOLUTE
    _printf_fp_hex                           0x00000000   Number         0  stubs.o ABSOLUTE
    _printf_g                                0x00000000   Number         0  stubs.o ABSOLUTE
    _printf_i                                0x00000000   Number         0  stubs.o ABSOLUTE
    _printf_int_dec                          0x00000000   Number         0  stubs.o ABSOLUTE
    _printf_l                                0x00000000   Number         0  stubs.o ABSOLUTE
    _printf_lc                               0x00000000   Number         0  stubs.o ABSOLUTE
    _printf_ll                               0x00000000   Number         0  stubs.o ABSOLUTE
    _printf_lld                              0x00000000   Number         0  stubs.o ABSOLUTE
    _printf_lli                              0x00000000   Number         0  stubs.o ABSOLUTE
    _printf_llo                              0x00000000   Number         0  stubs.o ABSOLUTE
    _printf_llu                              0x00000000   Number         0  stubs.o ABSOLUTE
    _printf_llx                              0x00000000   Number         0  stubs.o ABSOLUTE
    _printf_longlong_dec                     0x00000000   Number         0  stubs.o ABSOLUTE
    _printf_longlong_hex                     0x00000000   Number         0  stubs.o ABSOLUTE
    _printf_longlong_oct                     0x00000000   Number         0  stubs.o ABSOLUTE
    _printf_ls                               0x00000000   Number         0  stubs.o ABSOLUTE
    _printf_mbtowc                           0x00000000   Number         0  stubs.o ABSOLUTE
    _printf_n                                0x00000000   Number         0  stubs.o ABSOLUTE
    _printf_o                                0x00000000   Number         0  stubs.o ABSOLUTE
    _printf_p                                0x00000000   Number         0  stubs.o ABSOLUTE
    _printf_percent                          0x00000000   Number         0  stubs.o ABSOLUTE
    _printf_pre_padding                      0x00000000   Number         0  stubs.o ABSOLUTE
    _printf_return_value                     0x00000000   Number         0  stubs.o ABSOLUTE
    _printf_s                                0x00000000   Number         0  stubs.o ABSOLUTE
    _printf_sizespec                         0x00000000   Number         0  stubs.o ABSOLUTE
    _printf_str                              0x00000000   Number         0  stubs.o ABSOLUTE
    _printf_truncate_signed                  0x00000000   Number         0  stubs.o ABSOLUTE
    _printf_truncate_unsigned                0x00000000   Number         0  stubs.o ABSOLUTE
    _printf_u                                0x00000000   Number         0  stubs.o ABSOLUTE
    _printf_wc                               0x00000000   Number         0  stubs.o ABSOLUTE
    _printf_wctomb                           0x00000000   Number         0  stubs.o ABSOLUTE
    _printf_widthprec                        0x00000000   Number         0  stubs.o ABSOLUTE
    _printf_x                                0x00000000   Number         0  stubs.o ABSOLUTE
    __cpp_initialize__aeabi_                  - Undefined Weak Reference
    __cxa_finalize                            - Undefined Weak Reference
    _clock_init                               - Undefined Weak Reference
    _microlib_exit                            - Undefined Weak Reference
    __Vectors_Size                           0x000000ec   Number         0  startup_stm32f10x_md.o ABSOLUTE
    __Vectors                                0x08000000   Data           4  startup_stm32f10x_md.o(RESET)
    __Vectors_End                            0x080000ec   Data           0  startup_stm32f10x_md.o(RESET)
    __main                                   0x080000ed   Thumb Code     0  entry.o(.ARM.Collect$$$$00000000)
    _main_stk                                0x080000ed   Thumb Code     0  entry2.o(.ARM.Collect$$$$00000001)
    _main_scatterload                        0x080000f1   Thumb Code     0  entry5.o(.ARM.Collect$$$$00000004)
    __main_after_scatterload                 0x080000f5   Thumb Code     0  entry5.o(.ARM.Collect$$$$00000004)
    _main_clock                              0x080000f5   Thumb Code     0  entry7b.o(.ARM.Collect$$$$00000008)
    _main_cpp_init                           0x080000f5   Thumb Code     0  entry8b.o(.ARM.Collect$$$$0000000A)
    _main_init                               0x080000f5   Thumb Code     0  entry9a.o(.ARM.Collect$$$$0000000B)
    __rt_final_cpp                           0x080000fd   Thumb Code     0  entry10a.o(.ARM.Collect$$$$0000000D)
    __rt_final_exit                          0x080000fd   Thumb Code     0  entry11a.o(.ARM.Collect$$$$0000000F)
    SVC_Handler                              0x08000101   Thumb Code    32  port.o(.emb_text)
    __asm___6_port_c_39a90d8d__prvStartFirstTask 0x08000125   Thumb Code    28  port.o(.emb_text)
    PendSV_Handler                           0x08000145   Thumb Code    72  port.o(.emb_text)
    vPortGetIPSR                             0x08000191   Thumb Code     6  port.o(.emb_text)
    Reset_Handler                            0x08000199   Thumb Code     8  startup_stm32f10x_md.o(.text)
    ADC1_2_IRQHandler                        0x080001b3   Thumb Code     0  startup_stm32f10x_md.o(.text)
    CAN1_RX1_IRQHandler                      0x080001b3   Thumb Code     0  startup_stm32f10x_md.o(.text)
    CAN1_SCE_IRQHandler                      0x080001b3   Thumb Code     0  startup_stm32f10x_md.o(.text)
    DMA1_Channel1_IRQHandler                 0x080001b3   Thumb Code     0  startup_stm32f10x_md.o(.text)
    DMA1_Channel2_IRQHandler                 0x080001b3   Thumb Code     0  startup_stm32f10x_md.o(.text)
    DMA1_Channel3_IRQHandler                 0x080001b3   Thumb Code     0  startup_stm32f10x_md.o(.text)
    DMA1_Channel4_IRQHandler                 0x080001b3   Thumb Code     0  startup_stm32f10x_md.o(.text)
    DMA1_Channel5_IRQHandler                 0x080001b3   Thumb Code     0  startup_stm32f10x_md.o(.text)
    DMA1_Channel6_IRQHandler                 0x080001b3   Thumb Code     0  startup_stm32f10x_md.o(.text)
    DMA1_Channel7_IRQHandler                 0x080001b3   Thumb Code     0  startup_stm32f10x_md.o(.text)
    EXTI0_IRQHandler                         0x080001b3   Thumb Code     0  startup_stm32f10x_md.o(.text)
    EXTI15_10_IRQHandler                     0x080001b3   Thumb Code     0  startup_stm32f10x_md.o(.text)
    EXTI1_IRQHandler                         0x080001b3   Thumb Code     0  startup_stm32f10x_md.o(.text)
    EXTI2_IRQHandler                         0x080001b3   Thumb Code     0  startup_stm32f10x_md.o(.text)
    EXTI3_IRQHandler                         0x080001b3   Thumb Code     0  startup_stm32f10x_md.o(.text)
    EXTI4_IRQHandler                         0x080001b3   Thumb Code     0  startup_stm32f10x_md.o(.text)
    EXTI9_5_IRQHandler                       0x080001b3   Thumb Code     0  startup_stm32f10x_md.o(.text)
    FLASH_IRQHandler                         0x080001b3   Thumb Code     0  startup_stm32f10x_md.o(.text)
    I2C1_ER_IRQHandler                       0x080001b3   Thumb Code     0  startup_stm32f10x_md.o(.text)
    I2C1_EV_IRQHandler                       0x080001b3   Thumb Code     0  startup_stm32f10x_md.o(.text)
    I2C2_ER_IRQHandler                       0x080001b3   Thumb Code     0  startup_stm32f10x_md.o(.text)
    I2C2_EV_IRQHandler                       0x080001b3   Thumb Code     0  startup_stm32f10x_md.o(.text)
    PVD_IRQHandler                           0x080001b3   Thumb Code     0  startup_stm32f10x_md.o(.text)
    RCC_IRQHandler                           0x080001b3   Thumb Code     0  startup_stm32f10x_md.o(.text)
    RTCAlarm_IRQHandler                      0x080001b3   Thumb Code     0  startup_stm32f10x_md.o(.text)
    RTC_IRQHandler                           0x080001b3   Thumb Code     0  startup_stm32f10x_md.o(.text)
    SPI1_IRQHandler                          0x080001b3   Thumb Code     0  startup_stm32f10x_md.o(.text)
    SPI2_IRQHandler                          0x080001b3   Thumb Code     0  startup_stm32f10x_md.o(.text)
    TAMPER_IRQHandler                        0x080001b3   Thumb Code     0  startup_stm32f10x_md.o(.text)
    TIM1_BRK_IRQHandler                      0x080001b3   Thumb Code     0  startup_stm32f10x_md.o(.text)
    TIM1_CC_IRQHandler                       0x080001b3   Thumb Code     0  startup_stm32f10x_md.o(.text)
    TIM1_TRG_COM_IRQHandler                  0x080001b3   Thumb Code     0  startup_stm32f10x_md.o(.text)
    TIM1_UP_IRQHandler                       0x080001b3   Thumb Code     0  startup_stm32f10x_md.o(.text)
    TIM2_IRQHandler                          0x080001b3   Thumb Code     0  startup_stm32f10x_md.o(.text)
    TIM4_IRQHandler                          0x080001b3   Thumb Code     0  startup_stm32f10x_md.o(.text)
    USART1_IRQHandler                        0x080001b3   Thumb Code     0  startup_stm32f10x_md.o(.text)
    USART3_IRQHandler                        0x080001b3   Thumb Code     0  startup_stm32f10x_md.o(.text)
    USBWakeUp_IRQHandler                     0x080001b3   Thumb Code     0  startup_stm32f10x_md.o(.text)
    USB_HP_CAN1_TX_IRQHandler                0x080001b3   Thumb Code     0  startup_stm32f10x_md.o(.text)
    USB_LP_CAN1_RX0_IRQHandler               0x080001b3   Thumb Code     0  startup_stm32f10x_md.o(.text)
    WWDG_IRQHandler                          0x080001b3   Thumb Code     0  startup_stm32f10x_md.o(.text)
    __aeabi_memcpy                           0x080001bd   Thumb Code    36  memcpya.o(.text)
    __aeabi_memcpy4                          0x080001bd   Thumb Code     0  memcpya.o(.text)
    __aeabi_memcpy8                          0x080001bd   Thumb Code     0  memcpya.o(.text)
    __aeabi_memset                           0x080001e1   Thumb Code    14  memseta.o(.text)
    __aeabi_memset4                          0x080001e1   Thumb Code     0  memseta.o(.text)
    __aeabi_memset8                          0x080001e1   Thumb Code     0  memseta.o(.text)
    __aeabi_memclr                           0x080001ef   Thumb Code     4  memseta.o(.text)
    __aeabi_memclr4                          0x080001ef   Thumb Code     0  memseta.o(.text)
    __aeabi_memclr8                          0x080001ef   Thumb Code     0  memseta.o(.text)
    _memset$wrapper                          0x080001f3   Thumb Code    18  memseta.o(.text)
    __aeabi_fadd                             0x08000205   Thumb Code   164  fadd.o(.text)
    __aeabi_fsub                             0x080002a9   Thumb Code     6  fadd.o(.text)
    __aeabi_frsub                            0x080002af   Thumb Code     6  fadd.o(.text)
    __aeabi_fmul                             0x080002b5   Thumb Code   100  fmul.o(.text)
    __aeabi_fdiv                             0x08000319   Thumb Code   124  fdiv.o(.text)
    __aeabi_dmul                             0x08000395   Thumb Code   228  dmul.o(.text)
    __aeabi_i2f                              0x08000479   Thumb Code    18  fflti.o(.text)
    __aeabi_ui2f                             0x0800048b   Thumb Code    10  ffltui.o(.text)
    __aeabi_f2uiz                            0x08000495   Thumb Code    40  ffixui.o(.text)
    __aeabi_d2iz                             0x080004bd   Thumb Code    62  dfixi.o(.text)
    __aeabi_f2d                              0x080004fb   Thumb Code    38  f2d.o(.text)
    __aeabi_cfcmpeq                          0x08000521   Thumb Code     0  cfcmple.o(.text)
    __aeabi_cfcmple                          0x08000521   Thumb Code    20  cfcmple.o(.text)
    __aeabi_cfrcmple                         0x08000535   Thumb Code    20  cfrcmple.o(.text)
    __aeabi_uldivmod                         0x08000549   Thumb Code    98  uldiv.o(.text)
    __aeabi_llsr                             0x080005ab   Thumb Code    32  llushr.o(.text)
    _ll_ushift_r                             0x080005ab   Thumb Code     0  llushr.o(.text)
    __I$use$fp                               0x080005cb   Thumb Code     0  iusefp.o(.text)
    _float_round                             0x080005cb   Thumb Code    18  fepilogue.o(.text)
    _float_epilogue                          0x080005dd   Thumb Code    92  fepilogue.o(.text)
    _double_round                            0x08000639   Thumb Code    30  depilogue.o(.text)
    _double_epilogue                         0x08000657   Thumb Code   156  depilogue.o(.text)
    __scatterload                            0x080006f5   Thumb Code    28  init.o(.text)
    __scatterload_rt2                        0x080006f5   Thumb Code     0  init.o(.text)
    __aeabi_llsl                             0x08000719   Thumb Code    30  llshl.o(.text)
    _ll_shift_l                              0x08000719   Thumb Code     0  llshl.o(.text)
    __decompress                             0x08000737   Thumb Code     0  __dczerorl2.o(.text)
    __decompress1                            0x08000737   Thumb Code    86  __dczerorl2.o(.text)
    ADC_Cmd                                  0x0800078d   Thumb Code    22  stm32f10x_adc.o(i.ADC_Cmd)
    ADC_DMACmd                               0x080007a3   Thumb Code    22  stm32f10x_adc.o(i.ADC_DMACmd)
    ADC_GetCalibrationStatus                 0x080007b9   Thumb Code    20  stm32f10x_adc.o(i.ADC_GetCalibrationStatus)
    ADC_GetResetCalibrationStatus            0x080007cd   Thumb Code    20  stm32f10x_adc.o(i.ADC_GetResetCalibrationStatus)
    ADC_Init                                 0x080007e1   Thumb Code    70  stm32f10x_adc.o(i.ADC_Init)
    ADC_RegularChannelConfig                 0x08000831   Thumb Code   184  stm32f10x_adc.o(i.ADC_RegularChannelConfig)
    ADC_ResetCalibration                     0x080008e9   Thumb Code    10  stm32f10x_adc.o(i.ADC_ResetCalibration)
    ADC_SoftwareStartConvCmd                 0x080008f3   Thumb Code    22  stm32f10x_adc.o(i.ADC_SoftwareStartConvCmd)
    ADC_StartCalibration                     0x08000909   Thumb Code    10  stm32f10x_adc.o(i.ADC_StartCalibration)
    AD_Init                                  0x08000915   Thumb Code   266  adc.o(i.AD_Init)
    BusFault_Handler                         0x08000a31   Thumb Code     4  stm32f10x_it.o(i.BusFault_Handler)
    Buzzer_Init                              0x08000a35   Thumb Code    40  buzzer.o(i.Buzzer_Init)
    Buzzer_OFF                               0x08000a61   Thumb Code    12  buzzer.o(i.Buzzer_OFF)
    Buzzer_ON                                0x08000a71   Thumb Code    12  buzzer.o(i.Buzzer_ON)
    Buzzer_Turn                              0x08000a81   Thumb Code    24  buzzer.o(i.Buzzer_Turn)
    DMA_Cmd                                  0x08000a9d   Thumb Code    24  stm32f10x_dma.o(i.DMA_Cmd)
    DMA_Init                                 0x08000ab5   Thumb Code    60  stm32f10x_dma.o(i.DMA_Init)
    DS18B20_Check                            0x08000af1   Thumb Code    84  ds18b20.o(i.DS18B20_Check)
    DS18B20_Get_Temp                         0x08000b49   Thumb Code   136  ds18b20.o(i.DS18B20_Get_Temp)
    DS18B20_Init                             0x08000bd5   Thumb Code    54  ds18b20.o(i.DS18B20_Init)
    DS18B20_Mode                             0x08000c11   Thumb Code    56  ds18b20.o(i.DS18B20_Mode)
    DS18B20_Read_Bit                         0x08000c4d   Thumb Code    68  ds18b20.o(i.DS18B20_Read_Bit)
    DS18B20_Read_Byte                        0x08000c95   Thumb Code    34  ds18b20.o(i.DS18B20_Read_Byte)
    DS18B20_Rst                              0x08000cb9   Thumb Code    40  ds18b20.o(i.DS18B20_Rst)
    DS18B20_Start                            0x08000ce5   Thumb Code    24  ds18b20.o(i.DS18B20_Start)
    DS18B20_Write_Byte                       0x08000cfd   Thumb Code    90  ds18b20.o(i.DS18B20_Write_Byte)
    DebugMon_Handler                         0x08000d5d   Thumb Code     2  stm32f10x_it.o(i.DebugMon_Handler)
    DevContoral_task                         0x08000d61   Thumb Code   814  main_freertos.o(i.DevContoral_task)
    Display_Auto                             0x08001105   Thumb Code   336  display.o(i.Display_Auto)
    Display_Manual                           0x0800126d   Thumb Code   262  display.o(i.Display_Manual)
    Display_Menu                             0x08001391   Thumb Code   130  display.o(i.Display_Menu)
    Display_Remote                           0x08001429   Thumb Code   302  display.o(i.Display_Remote)
    Display_Threshold_Set                    0x080015b5   Thumb Code   152  display.o(i.Display_Threshold_Set)
    Display_task                             0x080016a9   Thumb Code   130  main_freertos.o(i.Display_task)
    FLASH_ErasePage                          0x0800173d   Thumb Code    72  stm32f10x_flash.o(i.FLASH_ErasePage)
    FLASH_GetBank1Status                     0x08001789   Thumb Code    48  stm32f10x_flash.o(i.FLASH_GetBank1Status)
    FLASH_Lock                               0x080017bd   Thumb Code    14  stm32f10x_flash.o(i.FLASH_Lock)
    FLASH_ProgramHalfWord                    0x080017d1   Thumb Code    60  stm32f10x_flash.o(i.FLASH_ProgramHalfWord)
    FLASH_Unlock                             0x08001811   Thumb Code    12  stm32f10x_flash.o(i.FLASH_Unlock)
    FLASH_WaitForLastOperation               0x08001829   Thumb Code    38  stm32f10x_flash.o(i.FLASH_WaitForLastOperation)
    FlashStorage_Read                        0x08001851   Thumb Code   130  flashstorage.o(i.FlashStorage_Read)
    FlashStorage_Write                       0x080018dd   Thumb Code   196  flashstorage.o(i.FlashStorage_Write)
    GPIO_Init                                0x080019a9   Thumb Code   278  stm32f10x_gpio.o(i.GPIO_Init)
    GPIO_ReadInputDataBit                    0x08001abf   Thumb Code    18  stm32f10x_gpio.o(i.GPIO_ReadInputDataBit)
    GPIO_ReadOutputDataBit                   0x08001ad1   Thumb Code    18  stm32f10x_gpio.o(i.GPIO_ReadOutputDataBit)
    GPIO_ResetBits                           0x08001ae3   Thumb Code     4  stm32f10x_gpio.o(i.GPIO_ResetBits)
    GPIO_SetBits                             0x08001ae7   Thumb Code     4  stm32f10x_gpio.o(i.GPIO_SetBits)
    GPIO_WriteBit                            0x08001aeb   Thumb Code    10  stm32f10x_gpio.o(i.GPIO_WriteBit)
    Gizwits_task                             0x08001af5   Thumb Code    20  main_freertos.o(i.Gizwits_task)
    HardFault_Handler                        0x08001b0d   Thumb Code     4  stm32f10x_it.o(i.HardFault_Handler)
    Key_GetNum                               0x08001b11   Thumb Code    32  key.o(i.Key_GetNum)
    Key_Init                                 0x08001b31   Thumb Code    40  key.o(i.Key_Init)
    Key_task                                 0x08001c45   Thumb Code   634  main_freertos.o(i.Key_task)
    LED_OFF                                  0x08001f21   Thumb Code    10  led.o(i.LED_OFF)
    LED_SetBrightness                        0x08001f2b   Thumb Code    18  led.o(i.LED_SetBrightness)
    MemManage_Handler                        0x08001f3d   Thumb Code     4  stm32f10x_it.o(i.MemManage_Handler)
    NMI_Handler                              0x08001f41   Thumb Code     2  stm32f10x_it.o(i.NMI_Handler)
    NVIC_Init                                0x08001f45   Thumb Code   100  misc.o(i.NVIC_Init)
    NVIC_PriorityGroupConfig                 0x08001fb5   Thumb Code    10  misc.o(i.NVIC_PriorityGroupConfig)
    OLED_Clear                               0x08001fc9   Thumb Code    42  oled.o(i.OLED_Clear)
    OLED_I2C_Init                            0x08001ff5   Thumb Code    76  oled.o(i.OLED_I2C_Init)
    OLED_I2C_SendByte                        0x08002045   Thumb Code    80  oled.o(i.OLED_I2C_SendByte)
    OLED_I2C_Start                           0x08002099   Thumb Code    48  oled.o(i.OLED_I2C_Start)
    OLED_I2C_Stop                            0x080020cd   Thumb Code    36  oled.o(i.OLED_I2C_Stop)
    OLED_Init                                0x080020f5   Thumb Code   174  oled.o(i.OLED_Init)
    OLED_Pow                                 0x080021a3   Thumb Code    20  oled.o(i.OLED_Pow)
    OLED_SetCursor                           0x080021b7   Thumb Code    34  oled.o(i.OLED_SetCursor)
    OLED_ShowChar                            0x080021d9   Thumb Code   110  oled.o(i.OLED_ShowChar)
    OLED_ShowChinese                         0x0800224d   Thumb Code   102  oled.o(i.OLED_ShowChinese)
    OLED_ShowNum                             0x080022b9   Thumb Code    68  oled.o(i.OLED_ShowNum)
    OLED_ShowString                          0x080022fd   Thumb Code    40  oled.o(i.OLED_ShowString)
    OLED_WriteCommand                        0x08002325   Thumb Code    40  oled.o(i.OLED_WriteCommand)
    OLED_WriteData                           0x0800234d   Thumb Code    40  oled.o(i.OLED_WriteData)
    PTC_Init                                 0x08002375   Thumb Code    42  ptc.o(i.PTC_Init)
    PTC_OFF                                  0x080023a5   Thumb Code    12  ptc.o(i.PTC_OFF)
    PTC_ON                                   0x080023b5   Thumb Code    12  ptc.o(i.PTC_ON)
    PWM_Init                                 0x080023c5   Thumb Code   276  pwm.o(i.PWM_Init)
    PWM_SetCompare1                          0x080024e5   Thumb Code    16  pwm.o(i.PWM_SetCompare1)
    PWM_SetCompare2                          0x080024f5   Thumb Code    14  pwm.o(i.PWM_SetCompare2)
    Photosensitive_GetValue                  0x08002509   Thumb Code    76  adc.o(i.Photosensitive_GetValue)
    Pump_IN_OFF                              0x08002561   Thumb Code    14  pump.o(i.Pump_IN_OFF)
    Pump_IN_ON                               0x08002575   Thumb Code    14  pump.o(i.Pump_IN_ON)
    Pump_Init                                0x08002589   Thumb Code    48  pump.o(i.Pump_Init)
    Pump_OUT_OFF                             0x080025bd   Thumb Code    14  pump.o(i.Pump_OUT_OFF)
    Pump_OUT_ON                              0x080025d1   Thumb Code    14  pump.o(i.Pump_OUT_ON)
    RCC_ADCCLKConfig                         0x080025e5   Thumb Code    18  stm32f10x_rcc.o(i.RCC_ADCCLKConfig)
    RCC_AHBPeriphClockCmd                    0x080025fd   Thumb Code    26  stm32f10x_rcc.o(i.RCC_AHBPeriphClockCmd)
    RCC_APB1PeriphClockCmd                   0x0800261d   Thumb Code    26  stm32f10x_rcc.o(i.RCC_APB1PeriphClockCmd)
    RCC_APB2PeriphClockCmd                   0x0800263d   Thumb Code    26  stm32f10x_rcc.o(i.RCC_APB2PeriphClockCmd)
    RCC_GetClocksFreq                        0x0800265d   Thumb Code   192  stm32f10x_rcc.o(i.RCC_GetClocksFreq)
    SensorDataGet_task                       0x08002731   Thumb Code    60  main_freertos.o(i.SensorDataGet_task)
    Servo_SetAngle                           0x0800277d   Thumb Code    48  servo.o(i.Servo_SetAngle)
    SysTick_Handler                          0x080028a1   Thumb Code    16  stm32f10x_it.o(i.SysTick_Handler)
    SystemInit                               0x080028b1   Thumb Code    78  system_stm32f10x.o(i.SystemInit)
    TIM1_Delay_us                            0x08002911   Thumb Code    48  timer.o(i.TIM1_Delay_us)
    TIM3_IRQHandler                          0x08002945   Thumb Code    26  timer.o(i.TIM3_IRQHandler)
    TIM_ClearFlag                            0x08002965   Thumb Code     6  stm32f10x_tim.o(i.TIM_ClearFlag)
    TIM_ClearITPendingBit                    0x0800296b   Thumb Code     6  stm32f10x_tim.o(i.TIM_ClearITPendingBit)
    TIM_Cmd                                  0x08002971   Thumb Code    24  stm32f10x_tim.o(i.TIM_Cmd)
    TIM_GetITStatus                          0x08002989   Thumb Code    34  stm32f10x_tim.o(i.TIM_GetITStatus)
    TIM_ITConfig                             0x080029ab   Thumb Code    18  stm32f10x_tim.o(i.TIM_ITConfig)
    TIM_InternalClockConfig                  0x080029bd   Thumb Code    12  stm32f10x_tim.o(i.TIM_InternalClockConfig)
    TIM_OC1Init                              0x080029c9   Thumb Code   132  stm32f10x_tim.o(i.TIM_OC1Init)
    TIM_OC2Init                              0x08002a61   Thumb Code   154  stm32f10x_tim.o(i.TIM_OC2Init)
    TIM_OCStructInit                         0x08002b05   Thumb Code    20  stm32f10x_tim.o(i.TIM_OCStructInit)
    TIM_SetCompare1                          0x08002b19   Thumb Code     4  stm32f10x_tim.o(i.TIM_SetCompare1)
    TIM_SetCompare2                          0x08002b1d   Thumb Code     4  stm32f10x_tim.o(i.TIM_SetCompare2)
    TIM_TimeBaseInit                         0x08002b21   Thumb Code   122  stm32f10x_tim.o(i.TIM_TimeBaseInit)
    TS_GetData                               0x08002bc5   Thumb Code   190  adc.o(i.TS_GetData)
    Threshold_Adjust                         0x08002ca1   Thumb Code    74  threshold_config.o(i.Threshold_Adjust)
    Threshold_Init                           0x08002cf5   Thumb Code   108  threshold_config.o(i.Threshold_Init)
    Threshold_Save                           0x08002d79   Thumb Code    60  threshold_config.o(i.Threshold_Save)
    Threshold_Select                         0x08002dcd   Thumb Code    10  threshold_config.o(i.Threshold_Select)
    Time1_Delay_Init                         0x08002e35   Thumb Code    58  timer.o(i.Time1_Delay_Init)
    Timer3_Init                              0x08002e75   Thumb Code   110  timer.o(i.Timer3_Init)
    USART1_Config                            0x08002ee9   Thumb Code   126  usart.o(i.USART1_Config)
    USART2_Config                            0x08002f71   Thumb Code   160  usart2.o(i.USART2_Config)
    USART2_IRQHandler                        0x08003019   Thumb Code    44  usart2.o(i.USART2_IRQHandler)
    USART_ClearITPendingBit                  0x08003049   Thumb Code    30  stm32f10x_usart.o(i.USART_ClearITPendingBit)
    USART_Cmd                                0x08003067   Thumb Code    24  stm32f10x_usart.o(i.USART_Cmd)
    USART_GetFlagStatus                      0x0800307f   Thumb Code    26  stm32f10x_usart.o(i.USART_GetFlagStatus)
    USART_GetITStatus                        0x08003099   Thumb Code    84  stm32f10x_usart.o(i.USART_GetITStatus)
    USART_ITConfig                           0x080030ed   Thumb Code    74  stm32f10x_usart.o(i.USART_ITConfig)
    USART_Init                               0x08003139   Thumb Code   210  stm32f10x_usart.o(i.USART_Init)
    USART_ReceiveData                        0x08003211   Thumb Code    10  stm32f10x_usart.o(i.USART_ReceiveData)
    USART_SendData                           0x0800321b   Thumb Code     8  stm32f10x_usart.o(i.USART_SendData)
    UsageFault_Handler                       0x08003223   Thumb Code     4  stm32f10x_it.o(i.UsageFault_Handler)
    Water_GetLevel                           0x08003229   Thumb Code    76  adc.o(i.Water_GetLevel)
    __0printf$8                              0x08003281   Thumb Code    22  printf8.o(i.__0printf$8)
    __1printf$8                              0x08003281   Thumb Code     0  printf8.o(i.__0printf$8)
    __2printf                                0x08003281   Thumb Code     0  printf8.o(i.__0printf$8)
    __scatterload_copy                       0x080032a1   Thumb Code    14  handlers.o(i.__scatterload_copy)
    __scatterload_null                       0x080032af   Thumb Code     2  handlers.o(i.__scatterload_null)
    __scatterload_zeroinit                   0x080032b1   Thumb Code    14  handlers.o(i.__scatterload_zeroinit)
    calculateDynamicBitPartLen               0x0800375d   Thumb Code    80  gizwits_protocol.o(i.calculateDynamicBitPartLen)
    exchangeBytes                            0x080037c1   Thumb Code    26  common.o(i.exchangeBytes)
    exchangeWord                             0x080037db   Thumb Code    26  common.o(i.exchangeWord)
    fputc                                    0x080037f5   Thumb Code    32  usart.o(i.fputc)
    free                                     0x08003819   Thumb Code    76  malloc.o(i.free)
    freertos_start                           0x08003869   Thumb Code   114  main_freertos.o(i.freertos_start)
    gizAcrossByteJudge                       0x0800393d   Thumb Code    42  datapointtools.o(i.gizAcrossByteJudge)
    gizByteOrderExchange                     0x08003967   Thumb Code    50  datapointtools.o(i.gizByteOrderExchange)
    gizGetTimerCount                         0x080040b5   Thumb Code     6  gizwits_product.o(i.gizGetTimerCount)
    gizProtocolSum                           0x08004f9d   Thumb Code    38  common.o(i.gizProtocolSum)
    gizPutData                               0x08005071   Thumb Code    52  gizwits_protocol.o(i.gizPutData)
    gizTimerMs                               0x080051d9   Thumb Code    12  gizwits_product.o(i.gizTimerMs)
    gizVarlenCompressValue                   0x080051e9   Thumb Code   124  datapointtools.o(i.gizVarlenCompressValue)
    gizVarlenDecompressionValue              0x08005265   Thumb Code   196  datapointtools.o(i.gizVarlenDecompressionValue)
    gizY2X                                   0x08005329   Thumb Code    14  datapointtools.o(i.gizY2X)
    gizwitsEventProcess                      0x08005339   Thumb Code   378  gizwits_product.o(i.gizwitsEventProcess)
    gizwitsHandle                            0x080055d1   Thumb Code   546  gizwits_protocol.o(i.gizwitsHandle)
    gizwitsInit                              0x080058f1   Thumb Code    46  gizwits_protocol.o(i.gizwitsInit)
    gizwitsSetMode                           0x08005955   Thumb Code   566  gizwits_protocol.o(i.gizwitsSetMode)
    main                                     0x08005bdd   Thumb Code    78  main.o(i.main)
    malloc                                   0x08005c49   Thumb Code    92  malloc.o(i.malloc)
    mcuRestart                               0x08005cb5   Thumb Code    38  gizwits_product.o(i.mcuRestart)
    pvPortMalloc                             0x08006111   Thumb Code   208  heap_4.o(i.pvPortMalloc)
    pxPortInitialiseStack                    0x080061f5   Thumb Code    30  port.o(i.pxPortInitialiseStack)
    rbCanRead                                0x08006219   Thumb Code    56  ringbuffer.o(i.rbCanRead)
    rbCanWrite                               0x08006251   Thumb Code    30  ringbuffer.o(i.rbCanWrite)
    rbCapacity                               0x0800626f   Thumb Code    14  ringbuffer.o(i.rbCapacity)
    rbCreate                                 0x0800627d   Thumb Code    22  ringbuffer.o(i.rbCreate)
    rbRead                                   0x08006293   Thumb Code   162  ringbuffer.o(i.rbRead)
    rbWrite                                  0x08006335   Thumb Code   154  ringbuffer.o(i.rbWrite)
    uartWrite                                0x080063d1   Thumb Code    82  gizwits_product.o(i.uartWrite)
    userHandle                               0x08006429   Thumb Code    44  gizwits_product.o(i.userHandle)
    userInit                                 0x08006469   Thumb Code    46  gizwits_product.o(i.userInit)
    uxListRemove                             0x0800649d   Thumb Code    40  list.o(i.uxListRemove)
    vListInitialise                          0x080064c5   Thumb Code    26  list.o(i.vListInitialise)
    vListInitialiseItem                      0x080064df   Thumb Code     6  list.o(i.vListInitialiseItem)
    vListInsert                              0x080064e5   Thumb Code    52  list.o(i.vListInsert)
    vPortEnterCritical                       0x08006519   Thumb Code    30  port.o(i.vPortEnterCritical)
    vPortExitCritical                        0x0800653d   Thumb Code    28  port.o(i.vPortExitCritical)
    vPortFree                                0x0800655d   Thumb Code    68  heap_4.o(i.vPortFree)
    vPortSetupTimerInterrupt                 0x080065a9   Thumb Code    20  port.o(i.vPortSetupTimerInterrupt)
    vTaskDelay                               0x080065c1   Thumb Code    46  tasks.o(i.vTaskDelay)
    vTaskStartScheduler                      0x080065f5   Thumb Code    76  tasks.o(i.vTaskStartScheduler)
    vTaskSuspendAll                          0x08006661   Thumb Code    12  tasks.o(i.vTaskSuspendAll)
    vTaskSwitchContext                       0x08006671   Thumb Code    76  tasks.o(i.vTaskSwitchContext)
    xPortStartScheduler                      0x08006741   Thumb Code    42  port.o(i.xPortStartScheduler)
    xPortSysTickHandler                      0x08006775   Thumb Code    46  port.o(i.xPortSysTickHandler)
    xTaskCreate                              0x080067a9   Thumb Code   104  tasks.o(i.xTaskCreate)
    xTaskGetSchedulerState                   0x08006811   Thumb Code    24  tasks.o(i.xTaskGetSchedulerState)
    xTaskIncrementTick                       0x08006831   Thumb Code   356  tasks.o(i.xTaskIncrementTick)
    xTaskResumeAll                           0x080069c1   Thumb Code   310  tasks.o(i.xTaskResumeAll)
    OLED_F8x16                               0x08006b28   Data        1520  oled.o(.constdata)
    Font_Chinese                             0x08007118   Data        5760  oled.o(.constdata)
    Region$$Table$$Base                      0x08008800   Number         0  anon$$obj.o(Region$$Table)
    Region$$Table$$Limit                     0x08008820   Number         0  anon$$obj.o(Region$$Table)
    Empty_ADC                                0x20000014   Data           2  adc.o(.data)
    Full_ADC                                 0x20000016   Data           2  adc.o(.data)
    AD_Value                                 0x20000018   Data           6  adc.o(.data)
    sensor_task_handle                       0x200000a0   Data           4  main_freertos.o(.data)
    key_task_handle                          0x200000a4   Data           4  main_freertos.o(.data)
    devcontoral_task_handle                  0x200000a8   Data           4  main_freertos.o(.data)
    display_task_handle                      0x200000ac   Data           4  main_freertos.o(.data)
    gizwits_task_handle                      0x200000b0   Data           4  main_freertos.o(.data)
    tsdata                                   0x200000b4   Data           2  main_freertos.o(.data)
    level                                    0x200000b6   Data           2  main_freertos.o(.data)
    light                                    0x200000b8   Data           2  main_freertos.o(.data)
    temp                                     0x200000ba   Data           2  main_freertos.o(.data)
    ptc_count                                0x200000bc   Data           2  main_freertos.o(.data)
    pump_out_count                           0x200000be   Data           2  main_freertos.o(.data)
    pump_in_count                            0x200000c0   Data           2  main_freertos.o(.data)
    servo_count                              0x200000c2   Data           2  main_freertos.o(.data)
    High_Level                               0x200000c4   Data           1  main_freertos.o(.data)
    Low_Level                                0x200000c5   Data           1  main_freertos.o(.data)
    High_Temp                                0x200000c6   Data           1  main_freertos.o(.data)
    Low_Temp                                 0x200000c7   Data           1  main_freertos.o(.data)
    Threshold_Light                          0x200000c8   Data           1  main_freertos.o(.data)
    Threshold_TS                             0x200000c9   Data           1  main_freertos.o(.data)
    servo_state                              0x200000ca   Data           1  main_freertos.o(.data)
    pump_out_state                           0x200000cb   Data           1  main_freertos.o(.data)
    pump_in_state                            0x200000cc   Data           1  main_freertos.o(.data)
    ptc_state                                0x200000cd   Data           1  main_freertos.o(.data)
    key_servo_flag                           0x200000ce   Data           1  main_freertos.o(.data)
    key_pump_in_flag                         0x200000cf   Data           1  main_freertos.o(.data)
    key_pump_out_flag                        0x200000d0   Data           1  main_freertos.o(.data)
    key_ptc_flag                             0x200000d1   Data           1  main_freertos.o(.data)
    key_airlink_flag                         0x200000d2   Data           1  main_freertos.o(.data)
    key_softap_flag                          0x200000d3   Data           1  main_freertos.o(.data)
    key_reset_flag                           0x200000d4   Data           1  main_freertos.o(.data)
    current_esp_mode                         0x200000db   Data           1  main_freertos.o(.data)
    currentMode                              0x200000dc   Data           1  main_freertos.o(.data)
    menuState                                0x200000dd   Data           1  main_freertos.o(.data)
    selectModeIndex                          0x200000de   Data           1  main_freertos.o(.data)
    selectThresholdIndex                     0x200000df   Data           1  main_freertos.o(.data)
    pxCurrentTCB                             0x200000f8   Data           4  tasks.o(.data)
    uxTopUsedPriority                        0x20000130   Data           4  tasks.o(.data)
    __stdout                                 0x20000158   Data           4  stdout.o(.data)
    __microlib_freelist                      0x2000015c   Data           4  mvars.o(.data)
    __microlib_freelist_initialised          0x20000160   Data           4  mvars.o(.data)
    currentDataPoint                         0x20000164   Data          21  gizwits_product.o(.bss)
    gizwitsProtocol                          0x2000017c   Data         424  gizwits_protocol.o(.bss)
    pRb                                      0x20000324   Data          16  gizwits_protocol.o(.bss)
    __heap_base                              0x20004870   Data           0  startup_stm32f10x_md.o(HEAP)
    __heap_limit                             0x20004a70   Data           0  startup_stm32f10x_md.o(HEAP)
    __initial_sp                             0x20004e70   Data           0  startup_stm32f10x_md.o(STACK)



==============================================================================

Memory Map of the image

  Image Entry point : 0x080000ed

  Load Region LR_IROM1 (Base: 0x08000000, Size: 0x00008984, Max: 0x00010000, ABSOLUTE, COMPRESSED[0x00008880])

    Execution Region ER_IROM1 (Exec base: 0x08000000, Load base: 0x08000000, Size: 0x00008820, Max: 0x00010000, ABSOLUTE)

    Exec Addr    Load Addr    Size         Type   Attr      Idx    E Section Name        Object

    0x08000000   0x08000000   0x000000ec   Data   RO         3191    RESET               startup_stm32f10x_md.o
    0x080000ec   0x080000ec   0x00000000   Code   RO         5409  * .ARM.Collect$$$$00000000  mc_w.l(entry.o)
    0x080000ec   0x080000ec   0x00000004   Code   RO         5733    .ARM.Collect$$$$00000001  mc_w.l(entry2.o)
    0x080000f0   0x080000f0   0x00000004   Code   RO         5736    .ARM.Collect$$$$00000004  mc_w.l(entry5.o)
    0x080000f4   0x080000f4   0x00000000   Code   RO         5738    .ARM.Collect$$$$00000008  mc_w.l(entry7b.o)
    0x080000f4   0x080000f4   0x00000000   Code   RO         5740    .ARM.Collect$$$$0000000A  mc_w.l(entry8b.o)
    0x080000f4   0x080000f4   0x00000008   Code   RO         5741    .ARM.Collect$$$$0000000B  mc_w.l(entry9a.o)
    0x080000fc   0x080000fc   0x00000000   Code   RO         5743    .ARM.Collect$$$$0000000D  mc_w.l(entry10a.o)
    0x080000fc   0x080000fc   0x00000000   Code   RO         5745    .ARM.Collect$$$$0000000F  mc_w.l(entry11a.o)
    0x080000fc   0x080000fc   0x00000004   Code   RO         5734    .ARM.Collect$$$$00002712  mc_w.l(entry2.o)
    0x08000100   0x08000100   0x00000096   Code   RO         5338    .emb_text           port.o
    0x08000196   0x08000196   0x00000002   PAD
    0x08000198   0x08000198   0x00000024   Code   RO         3192    .text               startup_stm32f10x_md.o
    0x080001bc   0x080001bc   0x00000024   Code   RO         5414    .text               mc_w.l(memcpya.o)
    0x080001e0   0x080001e0   0x00000024   Code   RO         5416    .text               mc_w.l(memseta.o)
    0x08000204   0x08000204   0x000000b0   Code   RO         5711    .text               mf_w.l(fadd.o)
    0x080002b4   0x080002b4   0x00000064   Code   RO         5713    .text               mf_w.l(fmul.o)
    0x08000318   0x08000318   0x0000007c   Code   RO         5715    .text               mf_w.l(fdiv.o)
    0x08000394   0x08000394   0x000000e4   Code   RO         5717    .text               mf_w.l(dmul.o)
    0x08000478   0x08000478   0x00000012   Code   RO         5719    .text               mf_w.l(fflti.o)
    0x0800048a   0x0800048a   0x0000000a   Code   RO         5721    .text               mf_w.l(ffltui.o)
    0x08000494   0x08000494   0x00000028   Code   RO         5723    .text               mf_w.l(ffixui.o)
    0x080004bc   0x080004bc   0x0000003e   Code   RO         5725    .text               mf_w.l(dfixi.o)
    0x080004fa   0x080004fa   0x00000026   Code   RO         5727    .text               mf_w.l(f2d.o)
    0x08000520   0x08000520   0x00000014   Code   RO         5729    .text               mf_w.l(cfcmple.o)
    0x08000534   0x08000534   0x00000014   Code   RO         5731    .text               mf_w.l(cfrcmple.o)
    0x08000548   0x08000548   0x00000062   Code   RO         5750    .text               mc_w.l(uldiv.o)
    0x080005aa   0x080005aa   0x00000020   Code   RO         5752    .text               mc_w.l(llushr.o)
    0x080005ca   0x080005ca   0x00000000   Code   RO         5756    .text               mc_w.l(iusefp.o)
    0x080005ca   0x080005ca   0x0000006e   Code   RO         5757    .text               mf_w.l(fepilogue.o)
    0x08000638   0x08000638   0x000000ba   Code   RO         5759    .text               mf_w.l(depilogue.o)
    0x080006f2   0x080006f2   0x00000002   PAD
    0x080006f4   0x080006f4   0x00000024   Code   RO         5769    .text               mc_w.l(init.o)
    0x08000718   0x08000718   0x0000001e   Code   RO         5771    .text               mc_w.l(llshl.o)
    0x08000736   0x08000736   0x00000056   Code   RO         5783    .text               mc_w.l(__dczerorl2.o)
    0x0800078c   0x0800078c   0x00000016   Code   RO          131    i.ADC_Cmd           stm32f10x_adc.o
    0x080007a2   0x080007a2   0x00000016   Code   RO          132    i.ADC_DMACmd        stm32f10x_adc.o
    0x080007b8   0x080007b8   0x00000014   Code   RO          139    i.ADC_GetCalibrationStatus  stm32f10x_adc.o
    0x080007cc   0x080007cc   0x00000014   Code   RO          145    i.ADC_GetResetCalibrationStatus  stm32f10x_adc.o
    0x080007e0   0x080007e0   0x00000050   Code   RO          149    i.ADC_Init          stm32f10x_adc.o
    0x08000830   0x08000830   0x000000b8   Code   RO          153    i.ADC_RegularChannelConfig  stm32f10x_adc.o
    0x080008e8   0x080008e8   0x0000000a   Code   RO          154    i.ADC_ResetCalibration  stm32f10x_adc.o
    0x080008f2   0x080008f2   0x00000016   Code   RO          156    i.ADC_SoftwareStartConvCmd  stm32f10x_adc.o
    0x08000908   0x08000908   0x0000000a   Code   RO          158    i.ADC_StartCalibration  stm32f10x_adc.o
    0x08000912   0x08000912   0x00000002   PAD
    0x08000914   0x08000914   0x0000011c   Code   RO         3248    i.AD_Init           adc.o
    0x08000a30   0x08000a30   0x00000004   Code   RO         3991    i.BusFault_Handler  stm32f10x_it.o
    0x08000a34   0x08000a34   0x0000002c   Code   RO         3524    i.Buzzer_Init       buzzer.o
    0x08000a60   0x08000a60   0x00000010   Code   RO         3525    i.Buzzer_OFF        buzzer.o
    0x08000a70   0x08000a70   0x00000010   Code   RO         3526    i.Buzzer_ON         buzzer.o
    0x08000a80   0x08000a80   0x0000001c   Code   RO         3527    i.Buzzer_Turn       buzzer.o
    0x08000a9c   0x08000a9c   0x00000018   Code   RO          840    i.DMA_Cmd           stm32f10x_dma.o
    0x08000ab4   0x08000ab4   0x0000003c   Code   RO          846    i.DMA_Init          stm32f10x_dma.o
    0x08000af0   0x08000af0   0x00000058   Code   RO         3288    i.DS18B20_Check     ds18b20.o
    0x08000b48   0x08000b48   0x0000008c   Code   RO         3289    i.DS18B20_Get_Temp  ds18b20.o
    0x08000bd4   0x08000bd4   0x0000003c   Code   RO         3290    i.DS18B20_Init      ds18b20.o
    0x08000c10   0x08000c10   0x0000003c   Code   RO         3291    i.DS18B20_Mode      ds18b20.o
    0x08000c4c   0x08000c4c   0x00000048   Code   RO         3292    i.DS18B20_Read_Bit  ds18b20.o
    0x08000c94   0x08000c94   0x00000022   Code   RO         3293    i.DS18B20_Read_Byte  ds18b20.o
    0x08000cb6   0x08000cb6   0x00000002   PAD
    0x08000cb8   0x08000cb8   0x0000002c   Code   RO         3294    i.DS18B20_Rst       ds18b20.o
    0x08000ce4   0x08000ce4   0x00000018   Code   RO         3295    i.DS18B20_Start     ds18b20.o
    0x08000cfc   0x08000cfc   0x00000060   Code   RO         3296    i.DS18B20_Write_Byte  ds18b20.o
    0x08000d5c   0x08000d5c   0x00000002   Code   RO         3992    i.DebugMon_Handler  stm32f10x_it.o
    0x08000d5e   0x08000d5e   0x00000002   PAD
    0x08000d60   0x08000d60   0x000003a4   Code   RO         4057    i.DevContoral_task  main_freertos.o
    0x08001104   0x08001104   0x00000168   Code   RO         3762    i.Display_Auto      display.o
    0x0800126c   0x0800126c   0x00000124   Code   RO         3763    i.Display_Manual    display.o
    0x08001390   0x08001390   0x00000098   Code   RO         3764    i.Display_Menu      display.o
    0x08001428   0x08001428   0x0000018c   Code   RO         3765    i.Display_Remote    display.o
    0x080015b4   0x080015b4   0x000000f4   Code   RO         3766    i.Display_Threshold_Set  display.o
    0x080016a8   0x080016a8   0x00000094   Code   RO         4058    i.Display_task      main_freertos.o
    0x0800173c   0x0800173c   0x0000004c   Code   RO          975    i.FLASH_ErasePage   stm32f10x_flash.o
    0x08001788   0x08001788   0x00000034   Code   RO          976    i.FLASH_GetBank1Status  stm32f10x_flash.o
    0x080017bc   0x080017bc   0x00000014   Code   RO          985    i.FLASH_Lock        stm32f10x_flash.o
    0x080017d0   0x080017d0   0x00000040   Code   RO          988    i.FLASH_ProgramHalfWord  stm32f10x_flash.o
    0x08001810   0x08001810   0x00000018   Code   RO          993    i.FLASH_Unlock      stm32f10x_flash.o
    0x08001828   0x08001828   0x00000026   Code   RO          997    i.FLASH_WaitForLastOperation  stm32f10x_flash.o
    0x0800184e   0x0800184e   0x00000002   PAD
    0x08001850   0x08001850   0x0000008c   Code   RO         3950    i.FlashStorage_Read  flashstorage.o
    0x080018dc   0x080018dc   0x000000cc   Code   RO         3951    i.FlashStorage_Write  flashstorage.o
    0x080019a8   0x080019a8   0x00000116   Code   RO         1276    i.GPIO_Init         stm32f10x_gpio.o
    0x08001abe   0x08001abe   0x00000012   Code   RO         1280    i.GPIO_ReadInputDataBit  stm32f10x_gpio.o
    0x08001ad0   0x08001ad0   0x00000012   Code   RO         1282    i.GPIO_ReadOutputDataBit  stm32f10x_gpio.o
    0x08001ae2   0x08001ae2   0x00000004   Code   RO         1283    i.GPIO_ResetBits    stm32f10x_gpio.o
    0x08001ae6   0x08001ae6   0x00000004   Code   RO         1284    i.GPIO_SetBits      stm32f10x_gpio.o
    0x08001aea   0x08001aea   0x0000000a   Code   RO         1287    i.GPIO_WriteBit     stm32f10x_gpio.o
    0x08001af4   0x08001af4   0x00000018   Code   RO         4059    i.Gizwits_task      main_freertos.o
    0x08001b0c   0x08001b0c   0x00000004   Code   RO         3993    i.HardFault_Handler  stm32f10x_it.o
    0x08001b10   0x08001b10   0x00000020   Code   RO         3465    i.Key_GetNum        key.o
    0x08001b30   0x08001b30   0x0000002c   Code   RO         3466    i.Key_Init          key.o
    0x08001b5c   0x08001b5c   0x000000e8   Code   RO         3467    i.Key_ScanSingle    key.o
    0x08001c44   0x08001c44   0x000002dc   Code   RO         4060    i.Key_task          main_freertos.o
    0x08001f20   0x08001f20   0x0000000a   Code   RO         3498    i.LED_OFF           led.o
    0x08001f2a   0x08001f2a   0x00000012   Code   RO         3499    i.LED_SetBrightness  led.o
    0x08001f3c   0x08001f3c   0x00000004   Code   RO         3994    i.MemManage_Handler  stm32f10x_it.o
    0x08001f40   0x08001f40   0x00000002   Code   RO         3995    i.NMI_Handler       stm32f10x_it.o
    0x08001f42   0x08001f42   0x00000002   PAD
    0x08001f44   0x08001f44   0x00000070   Code   RO            1    i.NVIC_Init         misc.o
    0x08001fb4   0x08001fb4   0x00000014   Code   RO            2    i.NVIC_PriorityGroupConfig  misc.o
    0x08001fc8   0x08001fc8   0x0000002a   Code   RO         3624    i.OLED_Clear        oled.o
    0x08001ff2   0x08001ff2   0x00000002   PAD
    0x08001ff4   0x08001ff4   0x00000050   Code   RO         3626    i.OLED_I2C_Init     oled.o
    0x08002044   0x08002044   0x00000054   Code   RO         3627    i.OLED_I2C_SendByte  oled.o
    0x08002098   0x08002098   0x00000034   Code   RO         3628    i.OLED_I2C_Start    oled.o
    0x080020cc   0x080020cc   0x00000028   Code   RO         3629    i.OLED_I2C_Stop     oled.o
    0x080020f4   0x080020f4   0x000000ae   Code   RO         3630    i.OLED_Init         oled.o
    0x080021a2   0x080021a2   0x00000014   Code   RO         3631    i.OLED_Pow          oled.o
    0x080021b6   0x080021b6   0x00000022   Code   RO         3632    i.OLED_SetCursor    oled.o
    0x080021d8   0x080021d8   0x00000074   Code   RO         3634    i.OLED_ShowChar     oled.o
    0x0800224c   0x0800224c   0x0000006c   Code   RO         3635    i.OLED_ShowChinese  oled.o
    0x080022b8   0x080022b8   0x00000044   Code   RO         3637    i.OLED_ShowNum      oled.o
    0x080022fc   0x080022fc   0x00000028   Code   RO         3639    i.OLED_ShowString   oled.o
    0x08002324   0x08002324   0x00000028   Code   RO         3640    i.OLED_WriteCommand  oled.o
    0x0800234c   0x0800234c   0x00000028   Code   RO         3641    i.OLED_WriteData    oled.o
    0x08002374   0x08002374   0x00000030   Code   RO         3596    i.PTC_Init          ptc.o
    0x080023a4   0x080023a4   0x00000010   Code   RO         3597    i.PTC_OFF           ptc.o
    0x080023b4   0x080023b4   0x00000010   Code   RO         3598    i.PTC_ON            ptc.o
    0x080023c4   0x080023c4   0x00000120   Code   RO         3196    i.PWM_Init          pwm.o
    0x080024e4   0x080024e4   0x00000010   Code   RO         3197    i.PWM_SetCompare1   pwm.o
    0x080024f4   0x080024f4   0x00000014   Code   RO         3198    i.PWM_SetCompare2   pwm.o
    0x08002508   0x08002508   0x00000058   Code   RO         3249    i.Photosensitive_GetValue  adc.o
    0x08002560   0x08002560   0x00000014   Code   RO         3557    i.Pump_IN_OFF       pump.o
    0x08002574   0x08002574   0x00000014   Code   RO         3558    i.Pump_IN_ON        pump.o
    0x08002588   0x08002588   0x00000034   Code   RO         3559    i.Pump_Init         pump.o
    0x080025bc   0x080025bc   0x00000014   Code   RO         3560    i.Pump_OUT_OFF      pump.o
    0x080025d0   0x080025d0   0x00000014   Code   RO         3561    i.Pump_OUT_ON       pump.o
    0x080025e4   0x080025e4   0x00000018   Code   RO         1702    i.RCC_ADCCLKConfig  stm32f10x_rcc.o
    0x080025fc   0x080025fc   0x00000020   Code   RO         1703    i.RCC_AHBPeriphClockCmd  stm32f10x_rcc.o
    0x0800261c   0x0800261c   0x00000020   Code   RO         1704    i.RCC_APB1PeriphClockCmd  stm32f10x_rcc.o
    0x0800263c   0x0800263c   0x00000020   Code   RO         1706    i.RCC_APB2PeriphClockCmd  stm32f10x_rcc.o
    0x0800265c   0x0800265c   0x000000d4   Code   RO         1714    i.RCC_GetClocksFreq  stm32f10x_rcc.o
    0x08002730   0x08002730   0x0000004c   Code   RO         4061    i.SensorDataGet_task  main_freertos.o
    0x0800277c   0x0800277c   0x0000003c   Code   RO         3224    i.Servo_SetAngle    servo.o
    0x080027b8   0x080027b8   0x00000008   Code   RO         3136    i.SetSysClock       system_stm32f10x.o
    0x080027c0   0x080027c0   0x000000e0   Code   RO         3137    i.SetSysClockTo72   system_stm32f10x.o
    0x080028a0   0x080028a0   0x00000010   Code   RO         3996    i.SysTick_Handler   stm32f10x_it.o
    0x080028b0   0x080028b0   0x00000060   Code   RO         3139    i.SystemInit        system_stm32f10x.o
    0x08002910   0x08002910   0x00000034   Code   RO         3893    i.TIM1_Delay_us     timer.o
    0x08002944   0x08002944   0x00000020   Code   RO         3894    i.TIM3_IRQHandler   timer.o
    0x08002964   0x08002964   0x00000006   Code   RO         2344    i.TIM_ClearFlag     stm32f10x_tim.o
    0x0800296a   0x0800296a   0x00000006   Code   RO         2345    i.TIM_ClearITPendingBit  stm32f10x_tim.o
    0x08002970   0x08002970   0x00000018   Code   RO         2350    i.TIM_Cmd           stm32f10x_tim.o
    0x08002988   0x08002988   0x00000022   Code   RO         2371    i.TIM_GetITStatus   stm32f10x_tim.o
    0x080029aa   0x080029aa   0x00000012   Code   RO         2375    i.TIM_ITConfig      stm32f10x_tim.o
    0x080029bc   0x080029bc   0x0000000c   Code   RO         2377    i.TIM_InternalClockConfig  stm32f10x_tim.o
    0x080029c8   0x080029c8   0x00000098   Code   RO         2379    i.TIM_OC1Init       stm32f10x_tim.o
    0x08002a60   0x08002a60   0x000000a4   Code   RO         2384    i.TIM_OC2Init       stm32f10x_tim.o
    0x08002b04   0x08002b04   0x00000014   Code   RO         2397    i.TIM_OCStructInit  stm32f10x_tim.o
    0x08002b18   0x08002b18   0x00000004   Code   RO         2411    i.TIM_SetCompare1   stm32f10x_tim.o
    0x08002b1c   0x08002b1c   0x00000004   Code   RO         2412    i.TIM_SetCompare2   stm32f10x_tim.o
    0x08002b20   0x08002b20   0x000000a4   Code   RO         2421    i.TIM_TimeBaseInit  stm32f10x_tim.o
    0x08002bc4   0x08002bc4   0x000000dc   Code   RO         3250    i.TS_GetData        adc.o
    0x08002ca0   0x08002ca0   0x00000054   Code   RO         3824    i.Threshold_Adjust  threshold_config.o
    0x08002cf4   0x08002cf4   0x00000084   Code   RO         3825    i.Threshold_Init    threshold_config.o
    0x08002d78   0x08002d78   0x00000054   Code   RO         3826    i.Threshold_Save    threshold_config.o
    0x08002dcc   0x08002dcc   0x00000010   Code   RO         3827    i.Threshold_Select  threshold_config.o
    0x08002ddc   0x08002ddc   0x00000058   Code   RO         3828    i.Threshold_Validate  threshold_config.o
    0x08002e34   0x08002e34   0x00000040   Code   RO         3895    i.Time1_Delay_Init  timer.o
    0x08002e74   0x08002e74   0x00000074   Code   RO         3896    i.Timer3_Init       timer.o
    0x08002ee8   0x08002ee8   0x00000088   Code   RO         3872    i.USART1_Config     usart.o
    0x08002f70   0x08002f70   0x000000a8   Code   RO         3926    i.USART2_Config     usart2.o
    0x08003018   0x08003018   0x00000030   Code   RO         3927    i.USART2_IRQHandler  usart2.o
    0x08003048   0x08003048   0x0000001e   Code   RO         2886    i.USART_ClearITPendingBit  stm32f10x_usart.o
    0x08003066   0x08003066   0x00000018   Code   RO         2889    i.USART_Cmd         stm32f10x_usart.o
    0x0800307e   0x0800307e   0x0000001a   Code   RO         2892    i.USART_GetFlagStatus  stm32f10x_usart.o
    0x08003098   0x08003098   0x00000054   Code   RO         2893    i.USART_GetITStatus  stm32f10x_usart.o
    0x080030ec   0x080030ec   0x0000004a   Code   RO         2895    i.USART_ITConfig    stm32f10x_usart.o
    0x08003136   0x08003136   0x00000002   PAD
    0x08003138   0x08003138   0x000000d8   Code   RO         2896    i.USART_Init        stm32f10x_usart.o
    0x08003210   0x08003210   0x0000000a   Code   RO         2903    i.USART_ReceiveData  stm32f10x_usart.o
    0x0800321a   0x0800321a   0x00000008   Code   RO         2906    i.USART_SendData    stm32f10x_usart.o
    0x08003222   0x08003222   0x00000004   Code   RO         3997    i.UsageFault_Handler  stm32f10x_it.o
    0x08003226   0x08003226   0x00000002   PAD
    0x08003228   0x08003228   0x00000058   Code   RO         3251    i.Water_GetLevel    adc.o
    0x08003280   0x08003280   0x00000020   Code   RO         5629    i.__0printf$8       mc_w.l(printf8.o)
    0x080032a0   0x080032a0   0x0000000e   Code   RO         5777    i.__scatterload_copy  mc_w.l(handlers.o)
    0x080032ae   0x080032ae   0x00000002   Code   RO         5778    i.__scatterload_null  mc_w.l(handlers.o)
    0x080032b0   0x080032b0   0x0000000e   Code   RO         5779    i.__scatterload_zeroinit  mc_w.l(handlers.o)
    0x080032be   0x080032be   0x00000002   PAD
    0x080032c0   0x080032c0   0x00000410   Code   RO         5636    i._printf_core      mc_w.l(printf8.o)
    0x080036d0   0x080036d0   0x00000024   Code   RO         5637    i._printf_post_padding  mc_w.l(printf8.o)
    0x080036f4   0x080036f4   0x0000002e   Code   RO         5638    i._printf_pre_padding  mc_w.l(printf8.o)
    0x08003722   0x08003722   0x0000003a   Code   RO         3952    i.calc_crc8         flashstorage.o
    0x0800375c   0x0800375c   0x00000050   Code   RO         4192    i.calculateDynamicBitPartLen  gizwits_protocol.o
    0x080037ac   0x080037ac   0x00000014   Code   RO         3953    i.erase_page        flashstorage.o
    0x080037c0   0x080037c0   0x0000001a   Code   RO         4362    i.exchangeBytes     common.o
    0x080037da   0x080037da   0x0000001a   Code   RO         4363    i.exchangeWord      common.o
    0x080037f4   0x080037f4   0x00000024   Code   RO         3873    i.fputc             usart.o
    0x08003818   0x08003818   0x00000050   Code   RO         5683    i.free              mc_w.l(malloc.o)
    0x08003868   0x08003868   0x000000d4   Code   RO         4062    i.freertos_start    main_freertos.o
    0x0800393c   0x0800393c   0x0000002a   Code   RO         4434    i.gizAcrossByteJudge  datapointtools.o
    0x08003966   0x08003966   0x00000032   Code   RO         4435    i.gizByteOrderExchange  datapointtools.o
    0x08003998   0x08003998   0x000002b8   Code   RO         4193    i.gizCheckReport    gizwits_protocol.o
    0x08003c50   0x08003c50   0x00000198   Code   RO         4194    i.gizDataPoint2Event  gizwits_protocol.o
    0x08003de8   0x08003de8   0x000001e8   Code   RO         4195    i.gizDataPoints2ReportData  gizwits_protocol.o
    0x08003fd0   0x08003fd0   0x000000e4   Code   RO         4196    i.gizDevReportPolicy  gizwits_protocol.o
    0x080040b4   0x080040b4   0x0000000c   Code   RO         4120    i.gizGetTimerCount  gizwits_product.o
    0x080040c0   0x080040c0   0x0000008c   Code   RO         4197    i.gizProtocolAckHandle  gizwits_protocol.o
    0x0800414c   0x0800414c   0x000000a0   Code   RO         4198    i.gizProtocolCommonAck  gizwits_protocol.o
    0x080041ec   0x080041ec   0x000000a4   Code   RO         4199    i.gizProtocolErrorCmd  gizwits_protocol.o
    0x08004290   0x08004290   0x0000017c   Code   RO         4200    i.gizProtocolGetDeviceInfo  gizwits_protocol.o
    0x0800440c   0x0800440c   0x000001fc   Code   RO         4201    i.gizProtocolGetOnePacket  gizwits_protocol.o
    0x08004608   0x08004608   0x00000050   Code   RO         4202    i.gizProtocolHeadInit  gizwits_protocol.o
    0x08004658   0x08004658   0x00000140   Code   RO         4203    i.gizProtocolIssuedDataAck  gizwits_protocol.o
    0x08004798   0x08004798   0x00000180   Code   RO         4204    i.gizProtocolIssuedProcess  gizwits_protocol.o
    0x08004918   0x08004918   0x0000005c   Code   RO         4205    i.gizProtocolModuleInfoHandle  gizwits_protocol.o
    0x08004974   0x08004974   0x00000504   Code   RO         4206    i.gizProtocolModuleStatus  gizwits_protocol.o
    0x08004e78   0x08004e78   0x0000008c   Code   RO         4207    i.gizProtocolNTP    gizwits_protocol.o
    0x08004f04   0x08004f04   0x0000001c   Code   RO         4208    i.gizProtocolReboot  gizwits_protocol.o
    0x08004f20   0x08004f20   0x0000007c   Code   RO         4209    i.gizProtocolResendData  gizwits_protocol.o
    0x08004f9c   0x08004f9c   0x00000026   Code   RO         4365    i.gizProtocolSum    common.o
    0x08004fc2   0x08004fc2   0x00000002   PAD
    0x08004fc4   0x08004fc4   0x00000064   Code   RO         4210    i.gizProtocolWaitAck  gizwits_protocol.o
    0x08005028   0x08005028   0x00000048   Code   RO         4211    i.gizProtocolWaitAckCheck  gizwits_protocol.o
    0x08005070   0x08005070   0x00000074   Code   RO         4212    i.gizPutData        gizwits_protocol.o
    0x080050e4   0x080050e4   0x000000f4   Code   RO         4213    i.gizReportData     gizwits_protocol.o
    0x080051d8   0x080051d8   0x00000010   Code   RO         4121    i.gizTimerMs        gizwits_product.o
    0x080051e8   0x080051e8   0x0000007c   Code   RO         4438    i.gizVarlenCompressValue  datapointtools.o
    0x08005264   0x08005264   0x000000c4   Code   RO         4439    i.gizVarlenDecompressionValue  datapointtools.o
    0x08005328   0x08005328   0x0000000e   Code   RO         4442    i.gizY2X            datapointtools.o
    0x08005336   0x08005336   0x00000002   PAD
    0x08005338   0x08005338   0x00000298   Code   RO         4122    i.gizwitsEventProcess  gizwits_product.o
    0x080055d0   0x080055d0   0x00000320   Code   RO         4216    i.gizwitsHandle     gizwits_protocol.o
    0x080058f0   0x080058f0   0x00000064   Code   RO         4217    i.gizwitsInit       gizwits_protocol.o
    0x08005954   0x08005954   0x00000270   Code   RO         4219    i.gizwitsSetMode    gizwits_protocol.o
    0x08005bc4   0x08005bc4   0x00000016   Code   RO         3954    i.is_page_valid     flashstorage.o
    0x08005bda   0x08005bda   0x00000002   PAD
    0x08005bdc   0x08005bdc   0x0000006c   Code   RO         4042    i.main              main.o
    0x08005c48   0x08005c48   0x0000006c   Code   RO         5684    i.malloc            mc_w.l(malloc.o)
    0x08005cb4   0x08005cb4   0x00000030   Code   RO         4123    i.mcuRestart        gizwits_product.o
    0x08005ce4   0x08005ce4   0x000000c0   Code   RO         4965    i.prvAddCurrentTaskToDelayedList  tasks.o
    0x08005da4   0x08005da4   0x000000e4   Code   RO         4966    i.prvAddNewTaskToReadyList  tasks.o
    0x08005e88   0x08005e88   0x00000048   Code   RO         4967    i.prvCheckTasksWaitingTermination  tasks.o
    0x08005ed0   0x08005ed0   0x00000012   Code   RO         4968    i.prvDeleteTCB      tasks.o
    0x08005ee2   0x08005ee2   0x00000002   PAD
    0x08005ee4   0x08005ee4   0x00000070   Code   RO         5277    i.prvHeapInit       heap_4.o
    0x08005f54   0x08005f54   0x00000028   Code   RO         4969    i.prvIdleTask       tasks.o
    0x08005f7c   0x08005f7c   0x0000007a   Code   RO         4970    i.prvInitialiseNewTask  tasks.o
    0x08005ff6   0x08005ff6   0x00000002   PAD
    0x08005ff8   0x08005ff8   0x00000068   Code   RO         4971    i.prvInitialiseTaskLists  tasks.o
    0x08006060   0x08006060   0x00000068   Code   RO         5278    i.prvInsertBlockIntoFreeList  heap_4.o
    0x080060c8   0x080060c8   0x00000030   Code   RO         4972    i.prvResetNextTaskUnblockTime  tasks.o
    0x080060f8   0x080060f8   0x00000016   Code   RO         5339    i.prvTaskExitError  port.o
    0x0800610e   0x0800610e   0x00000002   PAD
    0x08006110   0x08006110   0x000000e4   Code   RO         5280    i.pvPortMalloc      heap_4.o
    0x080061f4   0x080061f4   0x00000024   Code   RO         5340    i.pxPortInitialiseStack  port.o
    0x08006218   0x08006218   0x00000038   Code   RO         4503    i.rbCanRead         ringbuffer.o
    0x08006250   0x08006250   0x0000001e   Code   RO         4504    i.rbCanWrite        ringbuffer.o
    0x0800626e   0x0800626e   0x0000000e   Code   RO         4505    i.rbCapacity        ringbuffer.o
    0x0800627c   0x0800627c   0x00000016   Code   RO         4506    i.rbCreate          ringbuffer.o
    0x08006292   0x08006292   0x000000a2   Code   RO         4508    i.rbRead            ringbuffer.o
    0x08006334   0x08006334   0x0000009a   Code   RO         4509    i.rbWrite           ringbuffer.o
    0x080063ce   0x080063ce   0x00000002   PAD
    0x080063d0   0x080063d0   0x00000058   Code   RO         4124    i.uartWrite         gizwits_product.o
    0x08006428   0x08006428   0x00000040   Code   RO         4125    i.userHandle        gizwits_product.o
    0x08006468   0x08006468   0x00000034   Code   RO         4126    i.userInit          gizwits_product.o
    0x0800649c   0x0800649c   0x00000028   Code   RO         4655    i.uxListRemove      list.o
    0x080064c4   0x080064c4   0x0000001a   Code   RO         4656    i.vListInitialise   list.o
    0x080064de   0x080064de   0x00000006   Code   RO         4657    i.vListInitialiseItem  list.o
    0x080064e4   0x080064e4   0x00000034   Code   RO         4658    i.vListInsert       list.o
    0x08006518   0x08006518   0x00000024   Code   RO         5342    i.vPortEnterCritical  port.o
    0x0800653c   0x0800653c   0x00000020   Code   RO         5343    i.vPortExitCritical  port.o
    0x0800655c   0x0800655c   0x0000004c   Code   RO         5281    i.vPortFree         heap_4.o
    0x080065a8   0x080065a8   0x00000018   Code   RO         5344    i.vPortSetupTimerInterrupt  port.o
    0x080065c0   0x080065c0   0x00000034   Code   RO         4980    i.vTaskDelay        tasks.o
    0x080065f4   0x080065f4   0x0000006c   Code   RO         4992    i.vTaskStartScheduler  tasks.o
    0x08006660   0x08006660   0x00000010   Code   RO         4994    i.vTaskSuspendAll   tasks.o
    0x08006670   0x08006670   0x00000060   Code   RO         4995    i.vTaskSwitchContext  tasks.o
    0x080066d0   0x080066d0   0x0000006e   Code   RO         3955    i.write_data_to_page  flashstorage.o
    0x0800673e   0x0800673e   0x00000002   PAD
    0x08006740   0x08006740   0x00000034   Code   RO         5345    i.xPortStartScheduler  port.o
    0x08006774   0x08006774   0x00000034   Code   RO         5346    i.xPortSysTickHandler  port.o
    0x080067a8   0x080067a8   0x00000068   Code   RO         4998    i.xTaskCreate       tasks.o
    0x08006810   0x08006810   0x00000020   Code   RO         5005    i.xTaskGetSchedulerState  tasks.o
    0x08006830   0x08006830   0x00000190   Code   RO         5008    i.xTaskIncrementTick  tasks.o
    0x080069c0   0x080069c0   0x0000015c   Code   RO         5010    i.xTaskResumeAll    tasks.o
    0x08006b1c   0x08006b1c   0x0000000c   Data   RO         3468    .constdata          key.o
    0x08006b28   0x08006b28   0x00001c70   Data   RO         3642    .constdata          oled.o
    0x08008798   0x08008798   0x0000000c   Data   RO         3767    .constdata          display.o
    0x080087a4   0x080087a4   0x0000005a   Data   RO         3768    .conststring        display.o
    0x080087fe   0x080087fe   0x00000002   PAD
    0x08008800   0x08008800   0x00000020   Data   RO         5775    Region$$Table       anon$$obj.o


    Execution Region RW_IRAM1 (Exec base: 0x20000000, Load base: 0x08008820, Size: 0x00004e70, Max: 0x00005000, ABSOLUTE, COMPRESSED[0x00000060])

    Exec Addr    Load Addr    Size         Type   Attr      Idx    E Section Name        Object

    0x20000000   COMPRESSED   0x00000014   Data   RW         1734    .data               stm32f10x_rcc.o
    0x20000014   COMPRESSED   0x0000000a   Data   RW         3252    .data               adc.o
    0x2000001e   COMPRESSED   0x00000002   PAD
    0x20000020   COMPRESSED   0x00000030   Data   RW         3469    .data               key.o
    0x20000050   COMPRESSED   0x00000019   Data   RW         3769    .data               display.o
    0x20000069   COMPRESSED   0x00000003   PAD
    0x2000006c   COMPRESSED   0x00000034   Data   RW         3829    .data               threshold_config.o
    0x200000a0   COMPRESSED   0x00000042   Data   RW         4063    .data               main_freertos.o
    0x200000e2   COMPRESSED   0x00000002   PAD
    0x200000e4   COMPRESSED   0x00000004   Data   RW         4128    .data               gizwits_product.o
    0x200000e8   COMPRESSED   0x00000010   Data   RW         4221    .data               gizwits_protocol.o
    0x200000f8   COMPRESSED   0x00000040   Data   RW         5013    .data               tasks.o
    0x20000138   COMPRESSED   0x0000001c   Data   RW         5287    .data               heap_4.o
    0x20000154   COMPRESSED   0x00000004   Data   RW         5347    .data               port.o
    0x20000158   COMPRESSED   0x00000004   Data   RW         5747    .data               mc_w.l(stdout.o)
    0x2000015c   COMPRESSED   0x00000004   Data   RW         5754    .data               mc_w.l(mvars.o)
    0x20000160   COMPRESSED   0x00000004   Data   RW         5755    .data               mc_w.l(mvars.o)
    0x20000164        -       0x00000015   Zero   RW         4127    .bss                gizwits_product.o
    0x20000179   COMPRESSED   0x00000003   PAD
    0x2000017c        -       0x0000022a   Zero   RW         4220    .bss                gizwits_protocol.o
    0x200003a6   COMPRESSED   0x00000002   PAD
    0x200003a8        -       0x000000c8   Zero   RW         5012    .bss                tasks.o
    0x20000470        -       0x00004400   Zero   RW         5286    .bss                heap_4.o
    0x20004870        -       0x00000200   Zero   RW         3190    HEAP                startup_stm32f10x_md.o
    0x20004a70        -       0x00000400   Zero   RW         3189    STACK               startup_stm32f10x_md.o


==============================================================================

Image component sizes


      Code (inc. data)   RO Data    RW Data    ZI Data      Debug   Object Name

       680         72          0         10          0       4764   adc.o
       104         16          0          0          0       1937   buzzer.o
        90          0          0          0          0       3472   common.o
         0          0          0          0          0         32   core_cm3.o
       426          0          0          0          0       4444   datapointtools.o
      1444        268        102         25          0       3908   display.o
       618         32          0          0          0      21431   ds18b20.o
         0          0          0          0          0       2548   event_groups.o
       554         18          0          0          0       5109   flashstorage.o
       944        360          0          4         21      27457   gizwits_product.o
      7760       2420          0         16        554      20683   gizwits_protocol.o
       520         58          0         28      17408       4671   heap_4.o
       308         22         12         48          0       2752   key.o
        28          0          0          0          0        982   led.o
       124          0          0          0          0       2697   list.o
       108         30          0          0          0        519   main.o
      2124        352          0         66          0       7569   main_freertos.o
       132         22          0          0          0     271787   misc.o
       938         28       7280          0          0       8908   oled.o
       404         48          0          4          0       9188   port.o
        80         14          0          0          0       1394   ptc.o
       132         28          0          0          0       2356   pump.o
       324         18          0          0          0       1783   pwm.o
       438          0          0          0          0       4632   ringbuffer.o
        60         12          0          0          0        557   servo.o
        36          8        236          0       1536        804   startup_stm32f10x_md.o
       390         10          0          0          0      17989   stm32f10x_adc.o
        84          0          0          0          0      12549   stm32f10x_dma.o
       274         30          0          0          0       9690   stm32f10x_flash.o
       332          0          0          0          0      13113   stm32f10x_gpio.o
        36          0          0          0          0       3123   stm32f10x_it.o
       332         44          0         20          0      14209   stm32f10x_rcc.o
       608         72          0          0          0      27815   stm32f10x_tim.o
       472          6          0          0          0      12711   stm32f10x_usart.o
       328         28          0          0          0       1917   system_stm32f10x.o
      1980        270          0         64        200      26684   tasks.o
       404         82          0         52          0       4568   threshold_config.o
       264         22          0          0          0       2287   timer.o
       172         14          0          0          0       1196   usart.o
       216         12          0          0          0       1176   usart2.o

    ----------------------------------------------------------------------
     24302       4416       7664        344      19724     565411   Object Totals
         0          0         32          0          0          0   (incl. Generated)
        34          0          2          7          5          0   (incl. Padding)

    ----------------------------------------------------------------------

      Code (inc. data)   RO Data    RW Data    ZI Data      Debug   Library Member Name

        86          0          0          0          0          0   __dczerorl2.o
         0          0          0          0          0          0   entry.o
         0          0          0          0          0          0   entry10a.o
         0          0          0          0          0          0   entry11a.o
         8          4          0          0          0          0   entry2.o
         4          0          0          0          0          0   entry5.o
         0          0          0          0          0          0   entry7b.o
         0          0          0          0          0          0   entry8b.o
         8          4          0          0          0          0   entry9a.o
        30          0          0          0          0          0   handlers.o
        36          8          0          0          0         68   init.o
         0          0          0          0          0          0   iusefp.o
        30          0          0          0          0         68   llshl.o
        32          0          0          0          0         68   llushr.o
       188         20          0          0          0        160   malloc.o
        36          0          0          0          0         68   memcpya.o
        36          0          0          0          0        108   memseta.o
         0          0          0          8          0          0   mvars.o
      1154         54          0          0          0        352   printf8.o
         0          0          0          4          0          0   stdout.o
        98          0          0          0          0         92   uldiv.o
        20          0          0          0          0         68   cfcmple.o
        20          0          0          0          0         68   cfrcmple.o
       186          0          0          0          0        176   depilogue.o
        62          0          0          0          0         80   dfixi.o
       228          0          0          0          0         96   dmul.o
        38          0          0          0          0         68   f2d.o
       176          0          0          0          0        140   fadd.o
       124          0          0          0          0         88   fdiv.o
       110          0          0          0          0        168   fepilogue.o
        40          0          0          0          0         68   ffixui.o
        18          0          0          0          0         68   fflti.o
        10          0          0          0          0         68   ffltui.o
       100          0          0          0          0         76   fmul.o

    ----------------------------------------------------------------------
      2882         90          0         12          0       2216   Library Totals
         4          0          0          0          0          0   (incl. Padding)

    ----------------------------------------------------------------------

      Code (inc. data)   RO Data    RW Data    ZI Data      Debug   Library Name

      1746         90          0         12          0        984   mc_w.l
      1132          0          0          0          0       1232   mf_w.l

    ----------------------------------------------------------------------
      2882         90          0         12          0       2216   Library Totals

    ----------------------------------------------------------------------

==============================================================================


      Code (inc. data)   RO Data    RW Data    ZI Data      Debug   

     27184       4506       7664        356      19724     555639   Grand Totals
     27184       4506       7664         96      19724     555639   ELF Image Totals (compressed)
     27184       4506       7664         96          0          0   ROM Totals

==============================================================================

    Total RO  Size (Code + RO Data)                34848 (  34.03kB)
    Total RW  Size (RW Data + ZI Data)             20080 (  19.61kB)
    Total ROM Size (Code + RO Data + RW Data)      34944 (  34.13kB)

==============================================================================

